Component: ARM Compiler 5.06 update 5 (build 528) Tool: armlink [4d35e2]

==============================================================================

Section Cross References

    startup_stm32f10x_md.o(STACK) refers (Special) to heapauxi.o(.text) for __use_two_region_memory
    startup_stm32f10x_md.o(HEAP) refers (Special) to heapauxi.o(.text) for __use_two_region_memory
    startup_stm32f10x_md.o(RESET) refers (Special) to heapauxi.o(.text) for __use_two_region_memory
    startup_stm32f10x_md.o(RESET) refers to startup_stm32f10x_md.o(STACK) for __initial_sp
    startup_stm32f10x_md.o(RESET) refers to startup_stm32f10x_md.o(.text) for Reset_Handler
    startup_stm32f10x_md.o(RESET) refers to stm32f10x_it.o(i.NMI_Handler) for NMI_Handler
    startup_stm32f10x_md.o(RESET) refers to stm32f10x_it.o(i.HardFault_Handler) for HardFault_Handler
    startup_stm32f10x_md.o(RESET) refers to stm32f10x_it.o(i.MemManage_Handler) for MemManage_Handler
    startup_stm32f10x_md.o(RESET) refers to stm32f10x_it.o(i.BusFault_Handler) for BusFault_Handler
    startup_stm32f10x_md.o(RESET) refers to stm32f10x_it.o(i.UsageFault_Handler) for UsageFault_Handler
    startup_stm32f10x_md.o(RESET) refers to stm32f10x_it.o(i.SVC_Handler) for SVC_Handler
    startup_stm32f10x_md.o(RESET) refers to stm32f10x_it.o(i.DebugMon_Handler) for DebugMon_Handler
    startup_stm32f10x_md.o(RESET) refers to stm32f10x_it.o(i.PendSV_Handler) for PendSV_Handler
    startup_stm32f10x_md.o(RESET) refers to stm32f10x_it.o(i.SysTick_Handler) for SysTick_Handler
    startup_stm32f10x_md.o(RESET) refers to system.o(i.TIM1_UP_IRQHandler) for TIM1_UP_IRQHandler
    startup_stm32f10x_md.o(RESET) refers to stepmotor_new.o(i.TIM3_IRQHandler) for TIM3_IRQHandler
    startup_stm32f10x_md.o(RESET) refers to usart.o(i.USART1_IRQHandler) for USART1_IRQHandler
    startup_stm32f10x_md.o(RESET) refers to usart.o(i.USART2_IRQHandler) for USART2_IRQHandler
    startup_stm32f10x_md.o(RESET) refers to usart.o(i.USART3_IRQHandler) for USART3_IRQHandler
    startup_stm32f10x_md.o(.text) refers (Special) to heapauxi.o(.text) for __use_two_region_memory
    startup_stm32f10x_md.o(.text) refers to system_stm32f10x.o(i.SystemInit) for SystemInit
    startup_stm32f10x_md.o(.text) refers to __main.o(!!!main) for __main
    startup_stm32f10x_md.o(.text) refers to startup_stm32f10x_md.o(HEAP) for Heap_Mem
    startup_stm32f10x_md.o(.text) refers to startup_stm32f10x_md.o(STACK) for Stack_Mem
    system_stm32f10x.o(i.SetSysClock) refers to system_stm32f10x.o(i.SetSysClockTo72) for SetSysClockTo72
    system_stm32f10x.o(i.SystemCoreClockUpdate) refers to system_stm32f10x.o(.data) for SystemCoreClock
    system_stm32f10x.o(i.SystemInit) refers to system_stm32f10x.o(i.SetSysClock) for SetSysClock
    stm32f10x_adc.o(i.ADC_DeInit) refers to stm32f10x_rcc.o(i.RCC_APB2PeriphResetCmd) for RCC_APB2PeriphResetCmd
    stm32f10x_bkp.o(i.BKP_DeInit) refers to stm32f10x_rcc.o(i.RCC_BackupResetCmd) for RCC_BackupResetCmd
    stm32f10x_can.o(i.CAN_DeInit) refers to stm32f10x_rcc.o(i.RCC_APB1PeriphResetCmd) for RCC_APB1PeriphResetCmd
    stm32f10x_can.o(i.CAN_GetITStatus) refers to stm32f10x_can.o(i.CheckITStatus) for CheckITStatus
    stm32f10x_cec.o(i.CEC_DeInit) refers to stm32f10x_rcc.o(i.RCC_APB1PeriphResetCmd) for RCC_APB1PeriphResetCmd
    stm32f10x_dac.o(i.DAC_DeInit) refers to stm32f10x_rcc.o(i.RCC_APB1PeriphResetCmd) for RCC_APB1PeriphResetCmd
    stm32f10x_flash.o(i.FLASH_EnableWriteProtection) refers to stm32f10x_flash.o(i.FLASH_WaitForLastOperation) for FLASH_WaitForLastOperation
    stm32f10x_flash.o(i.FLASH_EraseAllBank1Pages) refers to stm32f10x_flash.o(i.FLASH_WaitForLastBank1Operation) for FLASH_WaitForLastBank1Operation
    stm32f10x_flash.o(i.FLASH_EraseAllPages) refers to stm32f10x_flash.o(i.FLASH_WaitForLastOperation) for FLASH_WaitForLastOperation
    stm32f10x_flash.o(i.FLASH_EraseOptionBytes) refers to stm32f10x_flash.o(i.FLASH_GetReadOutProtectionStatus) for FLASH_GetReadOutProtectionStatus
    stm32f10x_flash.o(i.FLASH_EraseOptionBytes) refers to stm32f10x_flash.o(i.FLASH_WaitForLastOperation) for FLASH_WaitForLastOperation
    stm32f10x_flash.o(i.FLASH_ErasePage) refers to stm32f10x_flash.o(i.FLASH_WaitForLastOperation) for FLASH_WaitForLastOperation
    stm32f10x_flash.o(i.FLASH_ProgramHalfWord) refers to stm32f10x_flash.o(i.FLASH_WaitForLastOperation) for FLASH_WaitForLastOperation
    stm32f10x_flash.o(i.FLASH_ProgramOptionByteData) refers to stm32f10x_flash.o(i.FLASH_WaitForLastOperation) for FLASH_WaitForLastOperation
    stm32f10x_flash.o(i.FLASH_ProgramWord) refers to stm32f10x_flash.o(i.FLASH_WaitForLastOperation) for FLASH_WaitForLastOperation
    stm32f10x_flash.o(i.FLASH_ReadOutProtection) refers to stm32f10x_flash.o(i.FLASH_WaitForLastOperation) for FLASH_WaitForLastOperation
    stm32f10x_flash.o(i.FLASH_UserOptionByteConfig) refers to stm32f10x_flash.o(i.FLASH_WaitForLastOperation) for FLASH_WaitForLastOperation
[...]
    Removing stm32f10x_tim.o(i.TIM_OC2PolarityConfig), (26 bytes).
    Removing stm32f10x_tim.o(i.TIM_OC3FastConfig), (18 bytes).
    Removing stm32f10x_tim.o(i.TIM_OC3NPolarityConfig), (26 bytes).
    Removing stm32f10x_tim.o(i.TIM_OC3PolarityConfig), (26 bytes).
    Removing stm32f10x_tim.o(i.TIM_OC3PreloadConfig), (18 bytes).
    Removing stm32f10x_tim.o(i.TIM_OC4FastConfig), (26 bytes).
    Removing stm32f10x_tim.o(i.TIM_OC4PolarityConfig), (26 bytes).
    Removing stm32f10x_tim.o(i.TIM_OC4PreloadConfig), (26 bytes).
    Removing stm32f10x_tim.o(i.TIM_PWMIConfig), (124 bytes).
    Removing stm32f10x_tim.o(i.TIM_PrescalerConfig), (6 bytes).
    Removing stm32f10x_tim.o(i.TIM_SelectCCDMA), (24 bytes).
    Removing stm32f10x_tim.o(i.TIM_SelectCOM), (24 bytes).
    Removing stm32f10x_tim.o(i.TIM_SelectHallSensor), (24 bytes).
    Removing stm32f10x_tim.o(i.TIM_SelectInputTrigger), (18 bytes).
    Removing stm32f10x_tim.o(i.TIM_SelectMasterSlaveMode), (18 bytes).
    Removing stm32f10x_tim.o(i.TIM_SelectOCxM), (82 bytes).
    Removing stm32f10x_tim.o(i.TIM_SelectOnePulseMode), (18 bytes).
    Removing stm32f10x_tim.o(i.TIM_SelectOutputTrigger), (18 bytes).
    Removing stm32f10x_tim.o(i.TIM_SelectSlaveMode), (18 bytes).
    Removing stm32f10x_tim.o(i.TIM_SetAutoreload), (4 bytes).
    Removing stm32f10x_tim.o(i.TIM_SetClockDivision), (18 bytes).
    Removing stm32f10x_tim.o(i.TIM_SetCompare3), (4 bytes).
    Removing stm32f10x_tim.o(i.TIM_SetCompare4), (6 bytes).
    Removing stm32f10x_tim.o(i.TIM_SetCounter), (4 bytes).
    Removing stm32f10x_tim.o(i.TIM_SetIC1Prescaler), (18 bytes).
    Removing stm32f10x_tim.o(i.TIM_SetIC2Prescaler), (26 bytes).
    Removing stm32f10x_tim.o(i.TIM_SetIC3Prescaler), (18 bytes).
    Removing stm32f10x_tim.o(i.TIM_SetIC4Prescaler), (26 bytes).
    Removing stm32f10x_tim.o(i.TIM_TIxExternalClockConfig), (62 bytes).
    Removing stm32f10x_tim.o(i.TIM_TimeBaseStructInit), (18 bytes).
    Removing stm32f10x_tim.o(i.TIM_UpdateDisableConfig), (24 bytes).
    Removing stm32f10x_tim.o(i.TIM_UpdateRequestConfig), (24 bytes).
    Removing stm32f10x_usart.o(i.USART_ClearFlag), (18 bytes).
    Removing stm32f10x_usart.o(i.USART_ClockInit), (34 bytes).
    Removing stm32f10x_usart.o(i.USART_ClockStructInit), (12 bytes).
    Removing stm32f10x_usart.o(i.USART_DMACmd), (18 bytes).
    Removing stm32f10x_usart.o(i.USART_DeInit), (156 bytes).
    Removing stm32f10x_usart.o(i.USART_HalfDuplexCmd), (24 bytes).
    Removing stm32f10x_usart.o(i.USART_IrDACmd), (24 bytes).
    Removing stm32f10x_usart.o(i.USART_IrDAConfig), (18 bytes).
    Removing stm32f10x_usart.o(i.USART_LINBreakDetectLengthConfig), (18 bytes).
    Removing stm32f10x_usart.o(i.USART_LINCmd), (24 bytes).
    Removing stm32f10x_usart.o(i.USART_OneBitMethodCmd), (24 bytes).
    Removing stm32f10x_usart.o(i.USART_OverSampling8Cmd), (22 bytes).
    Removing stm32f10x_usart.o(i.USART_ReceiverWakeUpCmd), (24 bytes).
    Removing stm32f10x_usart.o(i.USART_SendBreak), (10 bytes).
    Removing stm32f10x_usart.o(i.USART_SetAddress), (18 bytes).
    Removing stm32f10x_usart.o(i.USART_SetGuardTime), (16 bytes).
    Removing stm32f10x_usart.o(i.USART_SetPrescaler), (16 bytes).
    Removing stm32f10x_usart.o(i.USART_SmartCardCmd), (24 bytes).
    Removing stm32f10x_usart.o(i.USART_SmartCardNACKCmd), (24 bytes).
    Removing stm32f10x_usart.o(i.USART_StructInit), (24 bytes).
    Removing stm32f10x_usart.o(i.USART_WakeUpConfig), (18 bytes).
    Removing stm32f10x_wwdg.o(i.WWDG_ClearFlag), (12 bytes).
    Removing stm32f10x_wwdg.o(i.WWDG_DeInit), (22 bytes).
    Removing stm32f10x_wwdg.o(i.WWDG_Enable), (16 bytes).
    Removing stm32f10x_wwdg.o(i.WWDG_EnableIT), (12 bytes).
    Removing stm32f10x_wwdg.o(i.WWDG_GetFlagStatus), (12 bytes).
    Removing stm32f10x_wwdg.o(i.WWDG_SetCounter), (16 bytes).
    Removing stm32f10x_wwdg.o(i.WWDG_SetPrescaler), (24 bytes).
    Removing stm32f10x_wwdg.o(i.WWDG_SetWindowValue), (40 bytes).
    Removing oled.o(i.OLED_Pow), (20 bytes).
    Removing oled.o(i.OLED_ShowBinNum), (62 bytes).
    Removing oled.o(i.OLED_ShowHexNum), (84 bytes).
    Removing oled.o(i.OLED_ShowNum), (68 bytes).
    Removing oled.o(i.OLED_ShowSignedNum), (102 bytes).
    Removing servo.o(i.Servo_MoveTo), (100 bytes).
    Removing selftest.o(i.Self_Check_Routine), (220 bytes).
    Removing usart.o(i.Serial1_Pow), (20 bytes).
    Removing usart.o(i.Serial1_SendByte), (32 bytes).
    Removing usart.o(i.Serial1_SendNumber), (58 bytes).
    Removing usart.o(i.Serial2_Pow), (20 bytes).
    Removing usart.o(i.Serial2_SendNumber), (58 bytes).
    Removing usart.o(i.Serial3_GetRxData), (12 bytes).
    Removing usart.o(i.Serial3_GetRxFlag), (28 bytes).
    Removing usart.o(i.Serial3_Pow), (20 bytes).
    Removing usart.o(i.Serial3_SendByte), (32 bytes).
    Removing usart.o(i.Serial3_SendNumber), (58 bytes).

458 unused section(s) (total 18244 bytes) removed from the image.

==============================================================================

Image Symbol Table

    Local Symbols

    Symbol Name                              Value     Ov Type        Size  Object(Section)

    ../clib/angel/boardlib.s                 0x00000000   Number         0  boardinit2.o ABSOLUTE
    ../clib/angel/boardlib.s                 0x00000000   Number         0  boardinit1.o ABSOLUTE
    ../clib/angel/boardlib.s                 0x00000000   Number         0  boardinit3.o ABSOLUTE
    ../clib/angel/boardlib.s                 0x00000000   Number         0  boardshut.o ABSOLUTE
    ../clib/angel/handlers.s                 0x00000000   Number         0  __scatter_copy.o ABSOLUTE
    ../clib/angel/handlers.s                 0x00000000   Number         0  __scatter_zi.o ABSOLUTE
    ../clib/angel/kernel.s                   0x00000000   Number         0  __rtentry4.o ABSOLUTE
    ../clib/angel/kernel.s                   0x00000000   Number         0  __rtentry2.o ABSOLUTE
    ../clib/angel/kernel.s                   0x00000000   Number         0  rtexit.o ABSOLUTE
    ../clib/angel/kernel.s                   0x00000000   Number         0  __rtentry.o ABSOLUTE
    ../clib/angel/kernel.s                   0x00000000   Number         0  rtexit2.o ABSOLUTE
    ../clib/angel/rt.s                       0x00000000   Number         0  rt_raise.o ABSOLUTE
    ../clib/angel/scatter.s                  0x00000000   Number         0  __scatter.o ABSOLUTE
    ../clib/angel/startup.s                  0x00000000   Number         0  __main.o ABSOLUTE
    ../clib/angel/sys.s                      0x00000000   Number         0  libspace.o ABSOLUTE
    ../clib/angel/sys.s                      0x00000000   Number         0  sys_stackheap_outer.o ABSOLUTE
    ../clib/angel/sys.s                      0x00000000   Number         0  indicate_semi.o ABSOLUTE
    ../clib/angel/sys.s                      0x00000000   Number         0  use_no_semi.o ABSOLUTE
    ../clib/angel/sysapp.c                   0x00000000   Number         0  sys_wrch.o ABSOLUTE
    ../clib/angel/sysapp.c                   0x00000000   Number         0  sys_exit.o ABSOLUTE
    ../clib/angel/sysapp.c                   0x00000000   Number         0  sys_command.o ABSOLUTE
    ../clib/armsys.c                         0x00000000   Number         0  no_argv.o ABSOLUTE
    ../clib/armsys.c                         0x00000000   Number         0  argv_veneer.o ABSOLUTE
    ../clib/armsys.c                         0x00000000   Number         0  _get_argv_nomalloc.o ABSOLUTE
    ../clib/armsys.c                         0x00000000   Number         0  argv_veneer.o ABSOLUTE
    ../clib/heapalloc.c                      0x00000000   Number         0  hrguard.o ABSOLUTE
    ../clib/heapaux.c                        0x00000000   Number         0  heapauxi.o ABSOLUTE
    ../clib/libinit.s                        0x00000000   Number         0  libinit.o ABSOLUTE
    ../clib/libinit.s                        0x00000000   Number         0  libshutdown2.o ABSOLUTE
    ../clib/libinit.s                        0x00000000   Number         0  libshutdown.o ABSOLUTE
    ../clib/libinit.s                        0x00000000   Number         0  libinit2.o ABSOLUTE
    ../clib/signal.c                         0x00000000   Number         0  __raise.o ABSOLUTE
    ../clib/signal.c                         0x00000000   Number         0  defsig_exit.o ABSOLUTE
    ../clib/signal.c                         0x00000000   Number         0  defsig_rtmem_formal.o ABSOLUTE
    ../clib/signal.c                         0x00000000   Number         0  defsig_rtmem_outer.o ABSOLUTE
    ../clib/signal.c                         0x00000000   Number         0  defsig_rtmem_inner.o ABSOLUTE
    ../clib/signal.c                         0x00000000   Number         0  defsig_rtred_inner.o ABSOLUTE
    ../clib/signal.c                         0x00000000   Number         0  defsig_fpe_inner.o ABSOLUTE
    ../clib/signal.c                         0x00000000   Number         0  defsig_abrt_inner.o ABSOLUTE
    ../clib/signal.c                         0x00000000   Number         0  defsig_general.o ABSOLUTE
    ../clib/signal.c                         0x00000000   Number         0  defsig_other.o ABSOLUTE
    ../clib/signal.c                         0x00000000   Number         0  defsig_segv_inner.o ABSOLUTE
    ../clib/signal.c                         0x00000000   Number         0  defsig_cppl_inner.o ABSOLUTE
    ../clib/signal.c                         0x00000000   Number         0  defsig_pvfn_inner.o ABSOLUTE
    ../clib/signal.c                         0x00000000   Number         0  defsig_stak_inner.o ABSOLUTE
    ../clib/signal.s                         0x00000000   Number         0  defsig.o ABSOLUTE
    ../clib/stdlib.c                         0x00000000   Number         0  exit.o ABSOLUTE
    ../fplib/faddsub.s                       0x00000000   Number         0  faddsub_clz.o ABSOLUTE
    ../fplib/fdiv.s                          0x00000000   Number         0  fdiv.o ABSOLUTE
    ../fplib/ffixu.s                         0x00000000   Number         0  ffixu.o ABSOLUTE
    ../fplib/fflt.s                          0x00000000   Number         0  fflt_clz.o ABSOLUTE
    ../fplib/fmul.s                          0x00000000   Number         0  fmul.o ABSOLUTE
    ../fplib/fnaninf.s                       0x00000000   Number         0  fnaninf.o ABSOLUTE
    ../fplib/fpinit.s                        0x00000000   Number         0  fpinit.o ABSOLUTE
    ../fplib/fretinf.s                       0x00000000   Number         0  fretinf.o ABSOLUTE
    ../fplib/usenofp.s                       0x00000000   Number         0  usenofp.o ABSOLUTE
    Hardware\DPWM.c                          0x00000000   Number         0  dpwm.o ABSOLUTE
    Hardware\OLED.c                          0x00000000   Number         0  oled.o ABSOLUTE
    Hardware\PumpBuzzer.c                    0x00000000   Number         0  pumpbuzzer.o ABSOLUTE
    Hardware\SelfTest.c                      0x00000000   Number         0  selftest.o ABSOLUTE
    Hardware\Servo.c                         0x00000000   Number         0  servo.o ABSOLUTE
    Hardware\StepMotor_New.c                 0x00000000   Number         0  stepmotor_new.o ABSOLUTE
    Hardware\USART.c                         0x00000000   Number         0  usart.o ABSOLUTE
    Hardware\system.c                        0x00000000   Number         0  system.o ABSOLUTE
    Library\misc.c                           0x00000000   Number         0  misc.o ABSOLUTE
    Library\stm32f10x_adc.c                  0x00000000   Number         0  stm32f10x_adc.o ABSOLUTE
    Library\stm32f10x_bkp.c                  0x00000000   Number         0  stm32f10x_bkp.o ABSOLUTE
    Library\stm32f10x_can.c                  0x00000000   Number         0  stm32f10x_can.o ABSOLUTE
    Library\stm32f10x_cec.c                  0x00000000   Number         0  stm32f10x_cec.o ABSOLUTE
    Library\stm32f10x_crc.c                  0x00000000   Number         0  stm32f10x_crc.o ABSOLUTE
    Library\stm32f10x_dac.c                  0x00000000   Number         0  stm32f10x_dac.o ABSOLUTE
    Library\stm32f10x_dbgmcu.c               0x00000000   Number         0  stm32f10x_dbgmcu.o ABSOLUTE
    Library\stm32f10x_dma.c                  0x00000000   Number         0  stm32f10x_dma.o ABSOLUTE
    Library\stm32f10x_exti.c                 0x00000000   Number         0  stm32f10x_exti.o ABSOLUTE
    Library\stm32f10x_flash.c                0x00000000   Number         0  stm32f10x_flash.o ABSOLUTE
    Library\stm32f10x_fsmc.c                 0x00000000   Number         0  stm32f10x_fsmc.o ABSOLUTE
    Library\stm32f10x_gpio.c                 0x00000000   Number         0  stm32f10x_gpio.o ABSOLUTE
    Library\stm32f10x_i2c.c                  0x00000000   Number         0  stm32f10x_i2c.o ABSOLUTE
    Library\stm32f10x_iwdg.c                 0x00000000   Number         0  stm32f10x_iwdg.o ABSOLUTE
    Library\stm32f10x_pwr.c                  0x00000000   Number         0  stm32f10x_pwr.o ABSOLUTE
    Library\stm32f10x_rcc.c                  0x00000000   Number         0  stm32f10x_rcc.o ABSOLUTE
    Library\stm32f10x_rtc.c                  0x00000000   Number         0  stm32f10x_rtc.o ABSOLUTE
    Library\stm32f10x_sdio.c                 0x00000000   Number         0  stm32f10x_sdio.o ABSOLUTE
    Library\stm32f10x_spi.c                  0x00000000   Number         0  stm32f10x_spi.o ABSOLUTE
    Library\stm32f10x_tim.c                  0x00000000   Number         0  stm32f10x_tim.o ABSOLUTE
    Library\stm32f10x_usart.c                0x00000000   Number         0  stm32f10x_usart.o ABSOLUTE
    Library\stm32f10x_wwdg.c                 0x00000000   Number         0  stm32f10x_wwdg.o ABSOLUTE
    Start\\core_cm3.c                        0x00000000   Number         0  core_cm3.o ABSOLUTE
    Start\core_cm3.c                         0x00000000   Number         0  core_cm3.o ABSOLUTE
    Start\startup_stm32f10x_md.s             0x00000000   Number         0  startup_stm32f10x_md.o ABSOLUTE
    Start\system_stm32f10x.c                 0x00000000   Number         0  system_stm32f10x.o ABSOLUTE
    System\Delay.c                           0x00000000   Number         0  delay.o ABSOLUTE
    User\main.c                              0x00000000   Number         0  main.o ABSOLUTE
    User\stm32f10x_it.c                      0x00000000   Number         0  stm32f10x_it.o ABSOLUTE
    dc.s                                     0x00000000   Number         0  dc.o ABSOLUTE
    RESET                                    0x08000000   Section      236  startup_stm32f10x_md.o(RESET)
    !!!main                                  0x080000ec   Section        8  __main.o(!!!main)
    !!!scatter                               0x080000f4   Section       52  __scatter.o(!!!scatter)
    !!handler_copy                           0x08000128   Section       26  __scatter_copy.o(!!handler_copy)
    !!handler_zi                             0x08000144   Section       28  __scatter_zi.o(!!handler_zi)
    .ARM.Collect$$libinit$$00000000          0x08000160   Section        2  libinit.o(.ARM.Collect$$libinit$$00000000)
    .ARM.Collect$$libinit$$00000002          0x08000162   Section        0  libinit2.o(.ARM.Collect$$libinit$$00000002)
    .ARM.Collect$$libinit$$00000004          0x08000162   Section        0  libinit2.o(.ARM.Collect$$libinit$$00000004)
    .ARM.Collect$$libinit$$0000000A          0x08000162   Section        0  libinit2.o(.ARM.Collect$$libinit$$0000000A)
    .ARM.Collect$$libinit$$0000000C          0x08000162   Section        0  libinit2.o(.ARM.Collect$$libinit$$0000000C)
    .ARM.Collect$$libinit$$0000000E          0x08000162   Section        0  libinit2.o(.ARM.Collect$$libinit$$0000000E)
    .ARM.Collect$$libinit$$00000011          0x08000162   Section        0  libinit2.o(.ARM.Collect$$libinit$$00000011)
    .ARM.Collect$$libinit$$00000013          0x08000162   Section        0  libinit2.o(.ARM.Collect$$libinit$$00000013)
    .ARM.Collect$$libinit$$00000015          0x08000162   Section        0  libinit2.o(.ARM.Collect$$libinit$$00000015)
    .ARM.Collect$$libinit$$00000017          0x08000162   Section        0  libinit2.o(.ARM.Collect$$libinit$$00000017)
    .ARM.Collect$$libinit$$00000019          0x08000162   Section        0  libinit2.o(.ARM.Collect$$libinit$$00000019)
    .ARM.Collect$$libinit$$0000001B          0x08000162   Section        0  libinit2.o(.ARM.Collect$$libinit$$0000001B)
    .ARM.Collect$$libinit$$0000001D          0x08000162   Section        0  libinit2.o(.ARM.Collect$$libinit$$0000001D)
    .ARM.Collect$$libinit$$0000001F          0x08000162   Section        0  libinit2.o(.ARM.Collect$$libinit$$0000001F)
    .ARM.Collect$$libinit$$00000021          0x08000162   Section        0  libinit2.o(.ARM.Collect$$libinit$$00000021)
    .ARM.Collect$$libinit$$00000023          0x08000162   Section        0  libinit2.o(.ARM.Collect$$libinit$$00000023)
    .ARM.Collect$$libinit$$00000025          0x08000162   Section        0  libinit2.o(.ARM.Collect$$libinit$$00000025)
    .ARM.Collect$$libinit$$0000002C          0x08000162   Section        0  libinit2.o(.ARM.Collect$$libinit$$0000002C)
    .ARM.Collect$$libinit$$0000002E          0x08000162   Section        0  libinit2.o(.ARM.Collect$$libinit$$0000002E)
    .ARM.Collect$$libinit$$00000030          0x08000162   Section        0  libinit2.o(.ARM.Collect$$libinit$$00000030)
    .ARM.Collect$$libinit$$00000032          0x08000162   Section        0  libinit2.o(.ARM.Collect$$libinit$$00000032)
    .ARM.Collect$$libinit$$00000033          0x08000162   Section        2  libinit2.o(.ARM.Collect$$libinit$$00000033)
    .ARM.Collect$$libshutdown$$00000000      0x08000164   Section        2  libshutdown.o(.ARM.Collect$$libshutdown$$00000000)
    .ARM.Collect$$libshutdown$$00000002      0x08000166   Section        0  libshutdown2.o(.ARM.Collect$$libshutdown$$00000002)
    .ARM.Collect$$libshutdown$$00000004      0x08000166   Section        0  libshutdown2.o(.ARM.Collect$$libshutdown$$00000004)
    .ARM.Collect$$libshutdown$$00000007      0x08000166   Section        0  libshutdown2.o(.ARM.Collect$$libshutdown$$00000007)
    .ARM.Collect$$libshutdown$$0000000A      0x08000166   Section        0  libshutdown2.o(.ARM.Collect$$libshutdown$$0000000A)
    .ARM.Collect$$libshutdown$$0000000C      0x08000166   Section        0  libshutdown2.o(.ARM.Collect$$libshutdown$$0000000C)
    .ARM.Collect$$libshutdown$$0000000F      0x08000166   Section        0  libshutdown2.o(.ARM.Collect$$libshutdown$$0000000F)
    .ARM.Collect$$libshutdown$$00000010      0x08000166   Section        2  libshutdown2.o(.ARM.Collect$$libshutdown$$00000010)
    .ARM.Collect$$rtentry$$00000000          0x08000168   Section        0  __rtentry.o(.ARM.Collect$$rtentry$$00000000)
    .ARM.Collect$$rtentry$$00000002          0x08000168   Section        0  __rtentry2.o(.ARM.Collect$$rtentry$$00000002)
    .ARM.Collect$$rtentry$$00000004          0x08000168   Section        6  __rtentry4.o(.ARM.Collect$$rtentry$$00000004)
    .ARM.Collect$$rtentry$$00000009          0x0800016e   Section        0  __rtentry2.o(.ARM.Collect$$rtentry$$00000009)
    .ARM.Collect$$rtentry$$0000000A          0x0800016e   Section        4  __rtentry2.o(.ARM.Collect$$rtentry$$0000000A)
    .ARM.Collect$$rtentry$$0000000C          0x08000172   Section        0  __rtentry2.o(.ARM.Collect$$rtentry$$0000000C)
    .ARM.Collect$$rtentry$$0000000D          0x08000172   Section        8  __rtentry2.o(.ARM.Collect$$rtentry$$0000000D)
    .ARM.Collect$$rtexit$$00000000           0x0800017a   Section        2  rtexit.o(.ARM.Collect$$rtexit$$00000000)
    .ARM.Collect$$rtexit$$00000002           0x0800017c   Section        0  rtexit2.o(.ARM.Collect$$rtexit$$00000002)
    .ARM.Collect$$rtexit$$00000003           0x0800017c   Section        4  rtexit2.o(.ARM.Collect$$rtexit$$00000003)
    .ARM.Collect$$rtexit$$00000004           0x08000180   Section        6  rtexit2.o(.ARM.Collect$$rtexit$$00000004)
    .text                                    0x08000188   Section       64  startup_stm32f10x_md.o(.text)
    .text                                    0x080001c8   Section        0  heapauxi.o(.text)
    .text                                    0x080001ce   Section       74  sys_stackheap_outer.o(.text)
    .text                                    0x08000218   Section        0  exit.o(.text)
    .text                                    0x0800022c   Section        8  libspace.o(.text)
    .text                                    0x08000234   Section        0  sys_exit.o(.text)
    .text                                    0x08000240   Section        2  use_no_semi.o(.text)
    .text                                    0x08000242   Section        0  indicate_semi.o(.text)
    i.BusFault_Handler                       0x08000242   Section        0  stm32f10x_it.o(i.BusFault_Handler)
    i.Buzzer_Init                            0x08000248   Section        0  pumpbuzzer.o(i.Buzzer_Init)
    i.Buzzer_Off                             0x08000280   Section        0  pumpbuzzer.o(i.Buzzer_Off)
    i.Buzzer_On                              0x08000294   Section        0  pumpbuzzer.o(i.Buzzer_On)
    i.DPWM1_Init                             0x080002a8   Section        0  dpwm.o(i.DPWM1_Init)
    i.DPWM2_Init                             0x0800031c   Section        0  dpwm.o(i.DPWM2_Init)
    i.DPWM2_SetCompare2                      0x08000390   Section        0  dpwm.o(i.DPWM2_SetCompare2)
    i.DPWM_SetCompare1                       0x080003a4   Section        0  dpwm.o(i.DPWM_SetCompare1)
    i.DebugMon_Handler                       0x080003b8   Section        0  stm32f10x_it.o(i.DebugMon_Handler)
    i.Delay_ms                               0x080003ba   Section        0  delay.o(i.Delay_ms)
    i.Delay_s                                0x080003d2   Section        0  delay.o(i.Delay_s)
    i.Delay_us                               0x080003ea   Section        0  delay.o(i.Delay_us)
    i.GPIO15_Init                            0x08000418   Section        0  system.o(i.GPIO15_Init)
    i.GPIO_Init                              0x08000444   Section        0  stm32f10x_gpio.o(i.GPIO_Init)
    i.GPIO_ReadOutputDataBit                 0x0800055a   Section        0  stm32f10x_gpio.o(i.GPIO_ReadOutputDataBit)
    i.GPIO_ResetBits                         0x0800056c   Section        0  stm32f10x_gpio.o(i.GPIO_ResetBits)
    i.GPIO_SetBits                           0x08000570   Section        0  stm32f10x_gpio.o(i.GPIO_SetBits)
    i.GPIO_WriteBit                          0x08000574   Section        0  stm32f10x_gpio.o(i.GPIO_WriteBit)
    i.GetCCER_EnableBit                      0x0800057e   Section        0  stepmotor_new.o(i.GetCCER_EnableBit)
    GetCCER_EnableBit                        0x0800057f   Thumb Code    44  stepmotor_new.o(i.GetCCER_EnableBit)
    i.GetTick                                0x080005ac   Section        0  system.o(i.GetTick)
    i.HardFault_Handler                      0x080005b8   Section        0  stm32f10x_it.o(i.HardFault_Handler)
    i.Hardware_Init                          0x080005bc   Section        0  system.o(i.Hardware_Init)
    i.MemManage_Handler                      0x0800060c   Section        0  stm32f10x_it.o(i.MemManage_Handler)
    i.NMI_Handler                            0x08000610   Section        0  stm32f10x_it.o(i.NMI_Handler)
    i.NVIC_Init                              0x08000614   Section        0  misc.o(i.NVIC_Init)
    i.NVIC_PriorityGroupConfig               0x08000684   Section        0  misc.o(i.NVIC_PriorityGroupConfig)
    i.OLED_Clear                             0x08000698   Section        0  oled.o(i.OLED_Clear)
    i.OLED_I2C_Init                          0x080006c4   Section        0  oled.o(i.OLED_I2C_Init)
    i.OLED_I2C_SendByte                      0x08000714   Section        0  oled.o(i.OLED_I2C_SendByte)
    i.OLED_I2C_Start                         0x08000770   Section        0  oled.o(i.OLED_I2C_Start)
    i.OLED_I2C_Stop                          0x080007a4   Section        0  oled.o(i.OLED_I2C_Stop)
    i.OLED_Init                              0x080007cc   Section        0  oled.o(i.OLED_Init)
    i.OLED_SetCursor                         0x0800087a   Section        0  oled.o(i.OLED_SetCursor)
    i.OLED_ShowChar                          0x0800089c   Section        0  oled.o(i.OLED_ShowChar)
    i.OLED_ShowString                        0x08000910   Section        0  oled.o(i.OLED_ShowString)
    i.OLED_WriteCommand                      0x08000938   Section        0  oled.o(i.OLED_WriteCommand)
    i.OLED_WriteData                         0x08000958   Section        0  oled.o(i.OLED_WriteData)
    i.PendSV_Handler                         0x08000978   Section        0  stm32f10x_it.o(i.PendSV_Handler)
    i.ProcessCommand                         0x0800097c   Section        0  system.o(i.ProcessCommand)
    i.Pump_Init                              0x08000a84   Section        0  pumpbuzzer.o(i.Pump_Init)
    i.Pump_Off                               0x08000abc   Section        0  pumpbuzzer.o(i.Pump_Off)
    i.Pump_On                                0x08000ad0   Section        0  pumpbuzzer.o(i.Pump_On)
    i.RCC_APB1PeriphClockCmd                 0x08000ae4   Section        0  stm32f10x_rcc.o(i.RCC_APB1PeriphClockCmd)
    i.RCC_APB2PeriphClockCmd                 0x08000b04   Section        0  stm32f10x_rcc.o(i.RCC_APB2PeriphClockCmd)
    i.RCC_GetClocksFreq                      0x08000b24   Section        0  stm32f10x_rcc.o(i.RCC_GetClocksFreq)
    i.SVC_Handler                            0x08000bf8   Section        0  stm32f10x_it.o(i.SVC_Handler)
    i.Serial1_GetRxData                      0x08000bfc   Section        0  usart.o(i.Serial1_GetRxData)
    i.Serial1_GetRxFlag                      0x08000c08   Section        0  usart.o(i.Serial1_GetRxFlag)
    i.Serial1_Init                           0x08000c24   Section        0  usart.o(i.Serial1_Init)
    i.Serial2_GetRxData                      0x08000cd4   Section        0  usart.o(i.Serial2_GetRxData)
    i.Serial2_GetRxFlag                      0x08000ce0   Section        0  usart.o(i.Serial2_GetRxFlag)
    i.Serial2_Init                           0x08000cfc   Section        0  usart.o(i.Serial2_Init)
    i.Serial2_SendByte                       0x08000da8   Section        0  usart.o(i.Serial2_SendByte)
    i.Serial3_Init                           0x08000dc8   Section        0  usart.o(i.Serial3_Init)
    i.Servo2_Init                            0x08000e78   Section        0  servo.o(i.Servo2_Init)
    i.Servo2_SetAngle                        0x08000e84   Section        0  servo.o(i.Servo2_SetAngle)
    i.ServoMotion_Init                       0x08000ec0   Section        0  servo.o(i.ServoMotion_Init)
    i.Servo_Init                             0x08000ee0   Section        0  servo.o(i.Servo_Init)
    i.Servo_IsMoving                         0x08000eec   Section        0  servo.o(i.Servo_IsMoving)
    i.Servo_SetAngle                         0x08000f08   Section        0  servo.o(i.Servo_SetAngle)
    i.Servo_StartSmoothMotion                0x08000f44   Section        0  servo.o(i.Servo_StartSmoothMotion)
    i.Servo_UpdateAllMotions                 0x08000fe0   Section        0  servo.o(i.Servo_UpdateAllMotions)
    i.SetSysClock                            0x08001094   Section        0  system_stm32f10x.o(i.SetSysClock)
    SetSysClock                              0x08001095   Thumb Code     8  system_stm32f10x.o(i.SetSysClock)
    i.SetSysClockTo72                        0x0800109c   Section        0  system_stm32f10x.o(i.SetSysClockTo72)
    SetSysClockTo72                          0x0800109d   Thumb Code   214  system_stm32f10x.o(i.SetSysClockTo72)
    i.StepMotor_APPROACH                     0x0800117c   Section        0  stepmotor_new.o(i.StepMotor_APPROACH)
    i.StepMotor_GoForward                    0x080011d4   Section        0  stepmotor_new.o(i.StepMotor_GoForward)
    i.StepMotor_Init                         0x08001230   Section        0  stepmotor_new.o(i.StepMotor_Init)
    i.StepMotor_IsAnyRunning                 0x08001340   Section        0  stepmotor_new.o(i.StepMotor_IsAnyRunning)
    i.StepMotor_MOVE_LEFT                    0x08001360   Section        0  stepmotor_new.o(i.StepMotor_MOVE_LEFT)
    i.StepMotor_MOVE_RIGHT                   0x080013b8   Section        0  stepmotor_new.o(i.StepMotor_MOVE_RIGHT)
    i.StepMotor_RETREAT                      0x08001410   Section        0  stepmotor_new.o(i.StepMotor_RETREAT)
    i.StepMotor_SetDirection                 0x08001468   Section        0  stepmotor_new.o(i.StepMotor_SetDirection)
    i.StepMotor_SetFrequency                 0x080014c0   Section        0  stepmotor_new.o(i.StepMotor_SetFrequency)
    i.StepMotor_SetPulse                     0x0800150c   Section        0  stepmotor_new.o(i.StepMotor_SetPulse)
    i.StepMotor_Stop                         0x08001594   Section        0  stepmotor_new.o(i.StepMotor_Stop)
    i.StepMotor_StopAll                      0x080015f4   Section        0  stepmotor_new.o(i.StepMotor_StopAll)
    i.StepMotor_TurnRight                    0x0800160c   Section        0  stepmotor_new.o(i.StepMotor_TurnRight)
    i.StepMotor_You                          0x08001664   Section        0  stepmotor_new.o(i.StepMotor_You)
    i.StepMotor_Zuo                          0x080016b8   Section        0  stepmotor_new.o(i.StepMotor_Zuo)
    i.SysTick_Handler                        0x08001710   Section        0  stm32f10x_it.o(i.SysTick_Handler)
    i.SystemInit                             0x08001720   Section        0  system_stm32f10x.o(i.SystemInit)
    i.System_StateMachine                    0x08001780   Section        0  system.o(i.System_StateMachine)
    i.TIM1_Init                              0x08001c98   Section        0  system.o(i.TIM1_Init)
    i.TIM1_UP_IRQHandler                     0x08001cfc   Section        0  system.o(i.TIM1_UP_IRQHandler)
    i.TIM3_IRQHandler                        0x08001d44   Section        0  stepmotor_new.o(i.TIM3_IRQHandler)
    i.TIM4_Init                              0x08001e4c   Section        0  dpwm.o(i.TIM4_Init)
    i.TIM_ARRPreloadConfig                   0x08001e98   Section        0  stm32f10x_tim.o(i.TIM_ARRPreloadConfig)
    i.TIM_ClearFlag                          0x08001eb0   Section        0  stm32f10x_tim.o(i.TIM_ClearFlag)
    i.TIM_ClearITPendingBit                  0x08001eb6   Section        0  stm32f10x_tim.o(i.TIM_ClearITPendingBit)
    i.TIM_Cmd                                0x08001ebc   Section        0  stm32f10x_tim.o(i.TIM_Cmd)
    i.TIM_GetITStatus                        0x08001ed4   Section        0  stm32f10x_tim.o(i.TIM_GetITStatus)
    i.TIM_ITConfig                           0x08001ef6   Section        0  stm32f10x_tim.o(i.TIM_ITConfig)
    i.TIM_OC1Init                            0x08001f08   Section        0  stm32f10x_tim.o(i.TIM_OC1Init)
    i.TIM_OC1PreloadConfig                   0x08001fa0   Section        0  stm32f10x_tim.o(i.TIM_OC1PreloadConfig)
    i.TIM_OC2Init                            0x08001fb4   Section        0  stm32f10x_tim.o(i.TIM_OC2Init)
    i.TIM_OC2PreloadConfig                   0x08002058   Section        0  stm32f10x_tim.o(i.TIM_OC2PreloadConfig)
    i.TIM_OC3Init                            0x08002074   Section        0  stm32f10x_tim.o(i.TIM_OC3Init)
    i.TIM_OC4Init                            0x08002114   Section        0  stm32f10x_tim.o(i.TIM_OC4Init)
    i.TIM_OCStructInit                       0x08002190   Section        0  stm32f10x_tim.o(i.TIM_OCStructInit)
    i.TIM_SetCompare1                        0x080021a4   Section        0  stm32f10x_tim.o(i.TIM_SetCompare1)
    i.TIM_SetCompare2                        0x080021a8   Section        0  stm32f10x_tim.o(i.TIM_SetCompare2)
    i.TIM_TimeBaseInit                       0x080021ac   Section        0  stm32f10x_tim.o(i.TIM_TimeBaseInit)
    i.USART1_IRQHandler                      0x08002250   Section        0  usart.o(i.USART1_IRQHandler)
    i.USART2_IRQHandler                      0x08002288   Section        0  usart.o(i.USART2_IRQHandler)
    i.USART3_IRQHandler                      0x080022c0   Section        0  usart.o(i.USART3_IRQHandler)
    i.USART_ClearITPendingBit                0x080022f8   Section        0  stm32f10x_usart.o(i.USART_ClearITPendingBit)
    i.USART_Cmd                              0x08002316   Section        0  stm32f10x_usart.o(i.USART_Cmd)
    i.USART_GetFlagStatus                    0x0800232e   Section        0  stm32f10x_usart.o(i.USART_GetFlagStatus)
    i.USART_GetITStatus                      0x08002348   Section        0  stm32f10x_usart.o(i.USART_GetITStatus)
    i.USART_ITConfig                         0x0800239c   Section        0  stm32f10x_usart.o(i.USART_ITConfig)
    i.USART_Init                             0x080023e8   Section        0  stm32f10x_usart.o(i.USART_Init)
    i.USART_ReceiveData                      0x080024c0   Section        0  stm32f10x_usart.o(i.USART_ReceiveData)
    i.USART_SendData                         0x080024ca   Section        0  stm32f10x_usart.o(i.USART_SendData)
    i.UsageFault_Handler                     0x080024d2   Section        0  stm32f10x_it.o(i.UsageFault_Handler)
    i.calculate_spline_coeff                 0x080024d8   Section        0  servo.o(i.calculate_spline_coeff)
    calculate_spline_coeff                   0x080024d9   Thumb Code   128  servo.o(i.calculate_spline_coeff)
    i.main                                   0x0800255c   Section        0  main.o(i.main)
    i.spline_interpolate                     0x08002580   Section        0  servo.o(i.spline_interpolate)
    spline_interpolate                       0x08002581   Thumb Code    88  servo.o(i.spline_interpolate)
    x$fpl$fadd                               0x080025d8   Section      196  faddsub_clz.o(x$fpl$fadd)
    _fadd1                                   0x080025e7   Thumb Code     0  faddsub_clz.o(x$fpl$fadd)
    x$fpl$fdiv                               0x0800269c   Section      388  fdiv.o(x$fpl$fdiv)
    _fdiv1                                   0x0800269d   Thumb Code     0  fdiv.o(x$fpl$fdiv)
    x$fpl$ffixu                              0x08002820   Section       62  ffixu.o(x$fpl$ffixu)
    x$fpl$ffltu                              0x08002860   Section       38  fflt_clz.o(x$fpl$ffltu)
    x$fpl$fmul                               0x08002888   Section      258  fmul.o(x$fpl$fmul)
    x$fpl$fnaninf                            0x0800298a   Section      140  fnaninf.o(x$fpl$fnaninf)
    x$fpl$fretinf                            0x08002a16   Section       10  fretinf.o(x$fpl$fretinf)
    x$fpl$fsub                               0x08002a20   Section      234  faddsub_clz.o(x$fpl$fsub)
    _fsub1                                   0x08002a2f   Thumb Code     0  faddsub_clz.o(x$fpl$fsub)
    .constdata                               0x08002b0a   Section     1520  oled.o(.constdata)
    x$fpl$usenofp                            0x08002b0a   Section        0  usenofp.o(x$fpl$usenofp)
    .data                                    0x20000000   Section       20  stm32f10x_rcc.o(.data)
    APBAHBPrescTable                         0x20000000   Data          16  stm32f10x_rcc.o(.data)
    ADCPrescTable                            0x20000010   Data           4  stm32f10x_rcc.o(.data)
    .data                                    0x20000014   Section        1  dpwm.o(.data)
    tim4_initialized                         0x20000014   Data           1  dpwm.o(.data)
    .data                                    0x20000015   Section        6  usart.o(.data)
    .data                                    0x2000001c   Section       13  stepmotor_new.o(.data)
    current_motion                           0x2000001c   Data           1  stepmotor_new.o(.data)
    current_arr                              0x2000001e   Data           2  stepmotor_new.o(.data)
    target_arr                               0x20000020   Data           2  stepmotor_new.o(.data)
    acceleration_enabled                     0x20000022   Data           1  stepmotor_new.o(.data)
    accel_step_counter                       0x20000024   Data           4  stepmotor_new.o(.data)
    first_start                              0x20000028   Data           1  stepmotor_new.o(.data)
    .data                                    0x2000002c   Section       20  system.o(.data)
    paint_step                               0x2000002e   Data           1  system.o(.data)
    sys_ctrl                                 0x20000034   Data          12  system.o(.data)
    .data                                    0x20000040   Section        4  stm32f10x_it.o(.data)
    .bss                                     0x20000044   Section       72  servo.o(.bss)
    servo_instances                          0x20000044   Data          72  servo.o(.bss)
    .bss                                     0x2000008c   Section       32  stepmotor_new.o(.bss)
    Motor_PUL_SET                            0x2000008c   Data          16  stepmotor_new.o(.bss)
    Motor_PUL_CNT                            0x2000009c   Data          16  stepmotor_new.o(.bss)
    .bss                                     0x200000ac   Section       96  libspace.o(.bss)
    HEAP                                     0x20000110   Section      512  startup_stm32f10x_md.o(HEAP)
    Heap_Mem                                 0x20000110   Data         512  startup_stm32f10x_md.o(HEAP)
    STACK                                    0x20000310   Section     1024  startup_stm32f10x_md.o(STACK)
    Stack_Mem                                0x20000310   Data        1024  startup_stm32f10x_md.o(STACK)
    __initial_sp                             0x20000710   Data           0  startup_stm32f10x_md.o(STACK)

    Global Symbols

    Symbol Name                              Value     Ov Type        Size  Object(Section)

    BuildAttributes$$THM_ISAv4$P$D$K$B$S$PE$A:L22UL41UL21$X:L11$S22US41US21$IEEE1$IW$USESV6$~STKCKD$USESV7$~SHL$OSPACE$ROPI$EBA8$UX$STANDARDLIB$REQ8$PRES8$EABIv2 0x00000000   Number         0  anon$$obj.o ABSOLUTE
    __ARM_use_no_argv                        0x00000000   Number         0  main.o ABSOLUTE
    __ARM_exceptions_init                     - Undefined Weak Reference
    __alloca_initialize                       - Undefined Weak Reference
    __arm_preinit_                            - Undefined Weak Reference
    __cpp_initialize__aeabi_                  - Undefined Weak Reference
    __cxa_finalize                            - Undefined Weak Reference
    __rt_locale                               - Undefined Weak Reference
    __sigvec_lookup                           - Undefined Weak Reference
    _atexit_init                              - Undefined Weak Reference
    _call_atexit_fns                          - Undefined Weak Reference
    _clock_init                               - Undefined Weak Reference
    _fp_trap_init                             - Undefined Weak Reference
    _fp_trap_shutdown                         - Undefined Weak Reference
    _get_lc_collate                           - Undefined Weak Reference
    _get_lc_ctype                             - Undefined Weak Reference
    _get_lc_monetary                          - Undefined Weak Reference
    _get_lc_numeric                           - Undefined Weak Reference
    _get_lc_time                              - Undefined Weak Reference
    _getenv_init                              - Undefined Weak Reference
    _handle_redirection                       - Undefined Weak Reference
    _init_alloc                               - Undefined Weak Reference
    _init_user_alloc                          - Undefined Weak Reference
    _initio                                   - Undefined Weak Reference
    _rand_init                                - Undefined Weak Reference
    _signal_finish                            - Undefined Weak Reference
    _signal_init                              - Undefined Weak Reference
    _terminate_alloc                          - Undefined Weak Reference
    _terminate_user_alloc                     - Undefined Weak Reference
    _terminateio                              - Undefined Weak Reference
    __Vectors_Size                           0x000000ec   Number         0  startup_stm32f10x_md.o ABSOLUTE
    __Vectors                                0x08000000   Data           4  startup_stm32f10x_md.o(RESET)
    __Vectors_End                            0x080000ec   Data           0  startup_stm32f10x_md.o(RESET)
    __main                                   0x080000ed   Thumb Code     8  __main.o(!!!main)
    __scatterload                            0x080000f5   Thumb Code     0  __scatter.o(!!!scatter)
    __scatterload_rt2                        0x080000f5   Thumb Code    44  __scatter.o(!!!scatter)
    __scatterload_rt2_thumb_only             0x080000f5   Thumb Code     0  __scatter.o(!!!scatter)
    __scatterload_null                       0x08000103   Thumb Code     0  __scatter.o(!!!scatter)
    __scatterload_copy                       0x08000129   Thumb Code    26  __scatter_copy.o(!!handler_copy)
    __scatterload_zeroinit                   0x08000145   Thumb Code    28  __scatter_zi.o(!!handler_zi)
    __rt_lib_init                            0x08000161   Thumb Code     0  libinit.o(.ARM.Collect$$libinit$$00000000)
    __rt_lib_init_alloca_1                   0x08000163   Thumb Code     0  libinit2.o(.ARM.Collect$$libinit$$0000002E)
    __rt_lib_init_argv_1                     0x08000163   Thumb Code     0  libinit2.o(.ARM.Collect$$libinit$$0000002C)
    __rt_lib_init_atexit_1                   0x08000163   Thumb Code     0  libinit2.o(.ARM.Collect$$libinit$$0000001B)
    __rt_lib_init_clock_1                    0x08000163   Thumb Code     0  libinit2.o(.ARM.Collect$$libinit$$00000021)
    __rt_lib_init_cpp_1                      0x08000163   Thumb Code     0  libinit2.o(.ARM.Collect$$libinit$$00000032)
    __rt_lib_init_exceptions_1               0x08000163   Thumb Code     0  libinit2.o(.ARM.Collect$$libinit$$00000030)
    __rt_lib_init_fp_1                       0x08000163   Thumb Code     0  libinit2.o(.ARM.Collect$$libinit$$00000002)
    __rt_lib_init_fp_trap_1                  0x08000163   Thumb Code     0  libinit2.o(.ARM.Collect$$libinit$$0000001F)
    __rt_lib_init_getenv_1                   0x08000163   Thumb Code     0  libinit2.o(.ARM.Collect$$libinit$$00000023)
    __rt_lib_init_heap_1                     0x08000163   Thumb Code     0  libinit2.o(.ARM.Collect$$libinit$$0000000A)
    __rt_lib_init_lc_collate_1               0x08000163   Thumb Code     0  libinit2.o(.ARM.Collect$$libinit$$00000011)
    __rt_lib_init_lc_ctype_1                 0x08000163   Thumb Code     0  libinit2.o(.ARM.Collect$$libinit$$00000013)
    __rt_lib_init_lc_monetary_1              0x08000163   Thumb Code     0  libinit2.o(.ARM.Collect$$libinit$$00000015)
    __rt_lib_init_lc_numeric_1               0x08000163   Thumb Code     0  libinit2.o(.ARM.Collect$$libinit$$00000017)
    __rt_lib_init_lc_time_1                  0x08000163   Thumb Code     0  libinit2.o(.ARM.Collect$$libinit$$00000019)
    __rt_lib_init_preinit_1                  0x08000163   Thumb Code     0  libinit2.o(.ARM.Collect$$libinit$$00000004)
    __rt_lib_init_rand_1                     0x08000163   Thumb Code     0  libinit2.o(.ARM.Collect$$libinit$$0000000E)
    __rt_lib_init_return                     0x08000163   Thumb Code     0  libinit2.o(.ARM.Collect$$libinit$$00000033)
    __rt_lib_init_signal_1                   0x08000163   Thumb Code     0  libinit2.o(.ARM.Collect$$libinit$$0000001D)
    __rt_lib_init_stdio_1                    0x08000163   Thumb Code     0  libinit2.o(.ARM.Collect$$libinit$$00000025)
    __rt_lib_init_user_alloc_1               0x08000163   Thumb Code     0  libinit2.o(.ARM.Collect$$libinit$$0000000C)
    __rt_lib_shutdown                        0x08000165   Thumb Code     0  libshutdown.o(.ARM.Collect$$libshutdown$$00000000)
    __rt_lib_shutdown_cpp_1                  0x08000167   Thumb Code     0  libshutdown2.o(.ARM.Collect$$libshutdown$$00000002)
    __rt_lib_shutdown_fp_trap_1              0x08000167   Thumb Code     0  libshutdown2.o(.ARM.Collect$$libshutdown$$00000007)
    __rt_lib_shutdown_heap_1                 0x08000167   Thumb Code     0  libshutdown2.o(.ARM.Collect$$libshutdown$$0000000F)
    __rt_lib_shutdown_return                 0x08000167   Thumb Code     0  libshutdown2.o(.ARM.Collect$$libshutdown$$00000010)
    __rt_lib_shutdown_signal_1               0x08000167   Thumb Code     0  libshutdown2.o(.ARM.Collect$$libshutdown$$0000000A)
    __rt_lib_shutdown_stdio_1                0x08000167   Thumb Code     0  libshutdown2.o(.ARM.Collect$$libshutdown$$00000004)
    __rt_lib_shutdown_user_alloc_1           0x08000167   Thumb Code     0  libshutdown2.o(.ARM.Collect$$libshutdown$$0000000C)
    __rt_entry                               0x08000169   Thumb Code     0  __rtentry.o(.ARM.Collect$$rtentry$$00000000)
    __rt_entry_presh_1                       0x08000169   Thumb Code     0  __rtentry2.o(.ARM.Collect$$rtentry$$00000002)
    __rt_entry_sh                            0x08000169   Thumb Code     0  __rtentry4.o(.ARM.Collect$$rtentry$$00000004)
    __rt_entry_li                            0x0800016f   Thumb Code     0  __rtentry2.o(.ARM.Collect$$rtentry$$0000000A)
    __rt_entry_postsh_1                      0x0800016f   Thumb Code     0  __rtentry2.o(.ARM.Collect$$rtentry$$00000009)
    __rt_entry_main                          0x08000173   Thumb Code     0  __rtentry2.o(.ARM.Collect$$rtentry$$0000000D)
    __rt_entry_postli_1                      0x08000173   Thumb Code     0  __rtentry2.o(.ARM.Collect$$rtentry$$0000000C)
    __rt_exit                                0x0800017b   Thumb Code     0  rtexit.o(.ARM.Collect$$rtexit$$00000000)
    __rt_exit_ls                             0x0800017d   Thumb Code     0  rtexit2.o(.ARM.Collect$$rtexit$$00000003)
    __rt_exit_prels_1                        0x0800017d   Thumb Code     0  rtexit2.o(.ARM.Collect$$rtexit$$00000002)
    __rt_exit_exit                           0x08000181   Thumb Code     0  rtexit2.o(.ARM.Collect$$rtexit$$00000004)
    Reset_Handler                            0x08000189   Thumb Code     8  startup_stm32f10x_md.o(.text)
    ADC1_2_IRQHandler                        0x080001a3   Thumb Code     0  startup_stm32f10x_md.o(.text)
    CAN1_RX1_IRQHandler                      0x080001a3   Thumb Code     0  startup_stm32f10x_md.o(.text)
    CAN1_SCE_IRQHandler                      0x080001a3   Thumb Code     0  startup_stm32f10x_md.o(.text)
    DMA1_Channel1_IRQHandler                 0x080001a3   Thumb Code     0  startup_stm32f10x_md.o(.text)
    DMA1_Channel2_IRQHandler                 0x080001a3   Thumb Code     0  startup_stm32f10x_md.o(.text)
    DMA1_Channel3_IRQHandler                 0x080001a3   Thumb Code     0  startup_stm32f10x_md.o(.text)
    DMA1_Channel4_IRQHandler                 0x080001a3   Thumb Code     0  startup_stm32f10x_md.o(.text)
    DMA1_Channel5_IRQHandler                 0x080001a3   Thumb Code     0  startup_stm32f10x_md.o(.text)
    DMA1_Channel6_IRQHandler                 0x080001a3   Thumb Code     0  startup_stm32f10x_md.o(.text)
    DMA1_Channel7_IRQHandler                 0x080001a3   Thumb Code     0  startup_stm32f10x_md.o(.text)
    EXTI0_IRQHandler                         0x080001a3   Thumb Code     0  startup_stm32f10x_md.o(.text)
    EXTI15_10_IRQHandler                     0x080001a3   Thumb Code     0  startup_stm32f10x_md.o(.text)
    EXTI1_IRQHandler                         0x080001a3   Thumb Code     0  startup_stm32f10x_md.o(.text)
    EXTI2_IRQHandler                         0x080001a3   Thumb Code     0  startup_stm32f10x_md.o(.text)
    EXTI3_IRQHandler                         0x080001a3   Thumb Code     0  startup_stm32f10x_md.o(.text)
    EXTI4_IRQHandler                         0x080001a3   Thumb Code     0  startup_stm32f10x_md.o(.text)
    EXTI9_5_IRQHandler                       0x080001a3   Thumb Code     0  startup_stm32f10x_md.o(.text)
    FLASH_IRQHandler                         0x080001a3   Thumb Code     0  startup_stm32f10x_md.o(.text)
    I2C1_ER_IRQHandler                       0x080001a3   Thumb Code     0  startup_stm32f10x_md.o(.text)
    I2C1_EV_IRQHandler                       0x080001a3   Thumb Code     0  startup_stm32f10x_md.o(.text)
    I2C2_ER_IRQHandler                       0x080001a3   Thumb Code     0  startup_stm32f10x_md.o(.text)
    I2C2_EV_IRQHandler                       0x080001a3   Thumb Code     0  startup_stm32f10x_md.o(.text)
    PVD_IRQHandler                           0x080001a3   Thumb Code     0  startup_stm32f10x_md.o(.text)
    RCC_IRQHandler                           0x080001a3   Thumb Code     0  startup_stm32f10x_md.o(.text)
    RTCAlarm_IRQHandler                      0x080001a3   Thumb Code     0  startup_stm32f10x_md.o(.text)
    RTC_IRQHandler                           0x080001a3   Thumb Code     0  startup_stm32f10x_md.o(.text)
    SPI1_IRQHandler                          0x080001a3   Thumb Code     0  startup_stm32f10x_md.o(.text)
    SPI2_IRQHandler                          0x080001a3   Thumb Code     0  startup_stm32f10x_md.o(.text)
    TAMPER_IRQHandler                        0x080001a3   Thumb Code     0  startup_stm32f10x_md.o(.text)
    TIM1_BRK_IRQHandler                      0x080001a3   Thumb Code     0  startup_stm32f10x_md.o(.text)
    TIM1_CC_IRQHandler                       0x080001a3   Thumb Code     0  startup_stm32f10x_md.o(.text)
    TIM1_TRG_COM_IRQHandler                  0x080001a3   Thumb Code     0  startup_stm32f10x_md.o(.text)
    TIM2_IRQHandler                          0x080001a3   Thumb Code     0  startup_stm32f10x_md.o(.text)
    TIM4_IRQHandler                          0x080001a3   Thumb Code     0  startup_stm32f10x_md.o(.text)
    USBWakeUp_IRQHandler                     0x080001a3   Thumb Code     0  startup_stm32f10x_md.o(.text)
    USB_HP_CAN1_TX_IRQHandler                0x080001a3   Thumb Code     0  startup_stm32f10x_md.o(.text)
    USB_LP_CAN1_RX0_IRQHandler               0x080001a3   Thumb Code     0  startup_stm32f10x_md.o(.text)
    WWDG_IRQHandler                          0x080001a3   Thumb Code     0  startup_stm32f10x_md.o(.text)
    __user_initial_stackheap                 0x080001a5   Thumb Code     0  startup_stm32f10x_md.o(.text)
    __use_two_region_memory                  0x080001c9   Thumb Code     2  heapauxi.o(.text)
    __rt_heap_escrow$2region                 0x080001cb   Thumb Code     2  heapauxi.o(.text)
    __rt_heap_expand$2region                 0x080001cd   Thumb Code     2  heapauxi.o(.text)
    __user_setup_stackheap                   0x080001cf   Thumb Code    74  sys_stackheap_outer.o(.text)
    exit                                     0x08000219   Thumb Code    18  exit.o(.text)
    __user_libspace                          0x0800022d   Thumb Code     8  libspace.o(.text)
    __user_perproc_libspace                  0x0800022d   Thumb Code     0  libspace.o(.text)
    __user_perthread_libspace                0x0800022d   Thumb Code     0  libspace.o(.text)
    _sys_exit                                0x08000235   Thumb Code     8  sys_exit.o(.text)
    __I$use$semihosting                      0x08000241   Thumb Code     0  use_no_semi.o(.text)
    __use_no_semihosting_swi                 0x08000241   Thumb Code     2  use_no_semi.o(.text)
    BusFault_Handler                         0x08000243   Thumb Code     4  stm32f10x_it.o(i.BusFault_Handler)
    __semihosting_library_function           0x08000243   Thumb Code     0  indicate_semi.o(.text)
    Buzzer_Init                              0x08000249   Thumb Code    50  pumpbuzzer.o(i.Buzzer_Init)
    Buzzer_Off                               0x08000281   Thumb Code    14  pumpbuzzer.o(i.Buzzer_Off)
    Buzzer_On                                0x08000295   Thumb Code    14  pumpbuzzer.o(i.Buzzer_On)
    DPWM1_Init                               0x080002a9   Thumb Code   108  dpwm.o(i.DPWM1_Init)
    DPWM2_Init                               0x0800031d   Thumb Code   108  dpwm.o(i.DPWM2_Init)
    DPWM2_SetCompare2                        0x08000391   Thumb Code    14  dpwm.o(i.DPWM2_SetCompare2)
    DPWM_SetCompare1                         0x080003a5   Thumb Code    14  dpwm.o(i.DPWM_SetCompare1)
    DebugMon_Handler                         0x080003b9   Thumb Code     2  stm32f10x_it.o(i.DebugMon_Handler)
    Delay_ms                                 0x080003bb   Thumb Code    24  delay.o(i.Delay_ms)
    Delay_s                                  0x080003d3   Thumb Code    24  delay.o(i.Delay_s)
    Delay_us                                 0x080003eb   Thumb Code    46  delay.o(i.Delay_us)
    GPIO15_Init                              0x08000419   Thumb Code    40  system.o(i.GPIO15_Init)
    GPIO_Init                                0x08000445   Thumb Code   278  stm32f10x_gpio.o(i.GPIO_Init)
    GPIO_ReadOutputDataBit                   0x0800055b   Thumb Code    18  stm32f10x_gpio.o(i.GPIO_ReadOutputDataBit)
    GPIO_ResetBits                           0x0800056d   Thumb Code     4  stm32f10x_gpio.o(i.GPIO_ResetBits)
    GPIO_SetBits                             0x08000571   Thumb Code     4  stm32f10x_gpio.o(i.GPIO_SetBits)
    GPIO_WriteBit                            0x08000575   Thumb Code    10  stm32f10x_gpio.o(i.GPIO_WriteBit)
    GetTick                                  0x080005ad   Thumb Code     6  system.o(i.GetTick)
    HardFault_Handler                        0x080005b9   Thumb Code     4  stm32f10x_it.o(i.HardFault_Handler)
    Hardware_Init                            0x080005bd   Thumb Code    80  system.o(i.Hardware_Init)
    MemManage_Handler                        0x0800060d   Thumb Code     4  stm32f10x_it.o(i.MemManage_Handler)
    NMI_Handler                              0x08000611   Thumb Code     2  stm32f10x_it.o(i.NMI_Handler)
    NVIC_Init                                0x08000615   Thumb Code   100  misc.o(i.NVIC_Init)
    NVIC_PriorityGroupConfig                 0x08000685   Thumb Code    10  misc.o(i.NVIC_PriorityGroupConfig)
    OLED_Clear                               0x08000699   Thumb Code    42  oled.o(i.OLED_Clear)
    OLED_I2C_Init                            0x080006c5   Thumb Code    76  oled.o(i.OLED_I2C_Init)
    OLED_I2C_SendByte                        0x08000715   Thumb Code    88  oled.o(i.OLED_I2C_SendByte)
    OLED_I2C_Start                           0x08000771   Thumb Code    48  oled.o(i.OLED_I2C_Start)
    OLED_I2C_Stop                            0x080007a5   Thumb Code    36  oled.o(i.OLED_I2C_Stop)
    OLED_Init                                0x080007cd   Thumb Code   174  oled.o(i.OLED_Init)
    OLED_SetCursor                           0x0800087b   Thumb Code    34  oled.o(i.OLED_SetCursor)
    OLED_ShowChar                            0x0800089d   Thumb Code   110  oled.o(i.OLED_ShowChar)
    OLED_ShowString                          0x08000911   Thumb Code    40  oled.o(i.OLED_ShowString)
    OLED_WriteCommand                        0x08000939   Thumb Code    32  oled.o(i.OLED_WriteCommand)
    OLED_WriteData                           0x08000959   Thumb Code    32  oled.o(i.OLED_WriteData)
    PendSV_Handler                           0x08000979   Thumb Code     2  stm32f10x_it.o(i.PendSV_Handler)
    ProcessCommand                           0x0800097d   Thumb Code   238  system.o(i.ProcessCommand)
    Pump_Init                                0x08000a85   Thumb Code    50  pumpbuzzer.o(i.Pump_Init)
    Pump_Off                                 0x08000abd   Thumb Code    14  pumpbuzzer.o(i.Pump_Off)
    Pump_On                                  0x08000ad1   Thumb Code    14  pumpbuzzer.o(i.Pump_On)
    RCC_APB1PeriphClockCmd                   0x08000ae5   Thumb Code    26  stm32f10x_rcc.o(i.RCC_APB1PeriphClockCmd)
    RCC_APB2PeriphClockCmd                   0x08000b05   Thumb Code    26  stm32f10x_rcc.o(i.RCC_APB2PeriphClockCmd)
    RCC_GetClocksFreq                        0x08000b25   Thumb Code   192  stm32f10x_rcc.o(i.RCC_GetClocksFreq)
    SVC_Handler                              0x08000bf9   Thumb Code     2  stm32f10x_it.o(i.SVC_Handler)
    Serial1_GetRxData                        0x08000bfd   Thumb Code     6  usart.o(i.Serial1_GetRxData)
    Serial1_GetRxFlag                        0x08000c09   Thumb Code    22  usart.o(i.Serial1_GetRxFlag)
    Serial1_Init                             0x08000c25   Thumb Code   166  usart.o(i.Serial1_Init)
    Serial2_GetRxData                        0x08000cd5   Thumb Code     6  usart.o(i.Serial2_GetRxData)
    Serial2_GetRxFlag                        0x08000ce1   Thumb Code    22  usart.o(i.Serial2_GetRxFlag)
    Serial2_Init                             0x08000cfd   Thumb Code   164  usart.o(i.Serial2_Init)
    Serial2_SendByte                         0x08000da9   Thumb Code    28  usart.o(i.Serial2_SendByte)
    Serial3_Init                             0x08000dc9   Thumb Code   166  usart.o(i.Serial3_Init)
    Servo2_Init                              0x08000e79   Thumb Code    12  servo.o(i.Servo2_Init)
    Servo2_SetAngle                          0x08000e85   Thumb Code    48  servo.o(i.Servo2_SetAngle)
    ServoMotion_Init                         0x08000ec1   Thumb Code    26  servo.o(i.ServoMotion_Init)
    Servo_Init                               0x08000ee1   Thumb Code    12  servo.o(i.Servo_Init)
    Servo_IsMoving                           0x08000eed   Thumb Code    24  servo.o(i.Servo_IsMoving)
    Servo_SetAngle                           0x08000f09   Thumb Code    48  servo.o(i.Servo_SetAngle)
    Servo_StartSmoothMotion                  0x08000f45   Thumb Code   148  servo.o(i.Servo_StartSmoothMotion)
    Servo_UpdateAllMotions                   0x08000fe1   Thumb Code   170  servo.o(i.Servo_UpdateAllMotions)
    StepMotor_APPROACH                       0x0800117d   Thumb Code    82  stepmotor_new.o(i.StepMotor_APPROACH)
    StepMotor_GoForward                      0x080011d5   Thumb Code    82  stepmotor_new.o(i.StepMotor_GoForward)
    StepMotor_Init                           0x08001231   Thumb Code   260  stepmotor_new.o(i.StepMotor_Init)
    StepMotor_IsAnyRunning                   0x08001341   Thumb Code    28  stepmotor_new.o(i.StepMotor_IsAnyRunning)
    StepMotor_MOVE_LEFT                      0x08001361   Thumb Code    82  stepmotor_new.o(i.StepMotor_MOVE_LEFT)
    StepMotor_MOVE_RIGHT                     0x080013b9   Thumb Code    82  stepmotor_new.o(i.StepMotor_MOVE_RIGHT)
    StepMotor_RETREAT                        0x08001411   Thumb Code    82  stepmotor_new.o(i.StepMotor_RETREAT)
    StepMotor_SetDirection                   0x08001469   Thumb Code    78  stepmotor_new.o(i.StepMotor_SetDirection)
    StepMotor_SetFrequency                   0x080014c1   Thumb Code    68  stepmotor_new.o(i.StepMotor_SetFrequency)
    StepMotor_SetPulse                       0x0800150d   Thumb Code   108  stepmotor_new.o(i.StepMotor_SetPulse)
    StepMotor_Stop                           0x08001595   Thumb Code    76  stepmotor_new.o(i.StepMotor_Stop)
    StepMotor_StopAll                        0x080015f5   Thumb Code    22  stepmotor_new.o(i.StepMotor_StopAll)
    StepMotor_TurnRight                      0x0800160d   Thumb Code    78  stepmotor_new.o(i.StepMotor_TurnRight)
    StepMotor_You                            0x08001665   Thumb Code    80  stepmotor_new.o(i.StepMotor_You)
    StepMotor_Zuo                            0x080016b9   Thumb Code    82  stepmotor_new.o(i.StepMotor_Zuo)
    SysTick_Handler                          0x08001711   Thumb Code    12  stm32f10x_it.o(i.SysTick_Handler)
    SystemInit                               0x08001721   Thumb Code    78  system_stm32f10x.o(i.SystemInit)
    System_StateMachine                      0x08001781   Thumb Code  1296  system.o(i.System_StateMachine)
    TIM1_Init                                0x08001c99   Thumb Code    94  system.o(i.TIM1_Init)
    TIM1_UP_IRQHandler                       0x08001cfd   Thumb Code    60  system.o(i.TIM1_UP_IRQHandler)
    TIM3_IRQHandler                          0x08001d45   Thumb Code   232  stepmotor_new.o(i.TIM3_IRQHandler)
    TIM4_Init                                0x08001e4d   Thumb Code    66  dpwm.o(i.TIM4_Init)
    TIM_ARRPreloadConfig                     0x08001e99   Thumb Code    24  stm32f10x_tim.o(i.TIM_ARRPreloadConfig)
    TIM_ClearFlag                            0x08001eb1   Thumb Code     6  stm32f10x_tim.o(i.TIM_ClearFlag)
    TIM_ClearITPendingBit                    0x08001eb7   Thumb Code     6  stm32f10x_tim.o(i.TIM_ClearITPendingBit)
    TIM_Cmd                                  0x08001ebd   Thumb Code    24  stm32f10x_tim.o(i.TIM_Cmd)
    TIM_GetITStatus                          0x08001ed5   Thumb Code    34  stm32f10x_tim.o(i.TIM_GetITStatus)
    TIM_ITConfig                             0x08001ef7   Thumb Code    18  stm32f10x_tim.o(i.TIM_ITConfig)
    TIM_OC1Init                              0x08001f09   Thumb Code   132  stm32f10x_tim.o(i.TIM_OC1Init)
    TIM_OC1PreloadConfig                     0x08001fa1   Thumb Code    18  stm32f10x_tim.o(i.TIM_OC1PreloadConfig)
    TIM_OC2Init                              0x08001fb5   Thumb Code   154  stm32f10x_tim.o(i.TIM_OC2Init)
    TIM_OC2PreloadConfig                     0x08002059   Thumb Code    26  stm32f10x_tim.o(i.TIM_OC2PreloadConfig)
    TIM_OC3Init                              0x08002075   Thumb Code   150  stm32f10x_tim.o(i.TIM_OC3Init)
    TIM_OC4Init                              0x08002115   Thumb Code   114  stm32f10x_tim.o(i.TIM_OC4Init)
    TIM_OCStructInit                         0x08002191   Thumb Code    20  stm32f10x_tim.o(i.TIM_OCStructInit)
    TIM_SetCompare1                          0x080021a5   Thumb Code     4  stm32f10x_tim.o(i.TIM_SetCompare1)
    TIM_SetCompare2                          0x080021a9   Thumb Code     4  stm32f10x_tim.o(i.TIM_SetCompare2)
    TIM_TimeBaseInit                         0x080021ad   Thumb Code   122  stm32f10x_tim.o(i.TIM_TimeBaseInit)
    USART1_IRQHandler                        0x08002251   Thumb Code    44  usart.o(i.USART1_IRQHandler)
    USART2_IRQHandler                        0x08002289   Thumb Code    44  usart.o(i.USART2_IRQHandler)
    USART3_IRQHandler                        0x080022c1   Thumb Code    44  usart.o(i.USART3_IRQHandler)
    USART_ClearITPendingBit                  0x080022f9   Thumb Code    30  stm32f10x_usart.o(i.USART_ClearITPendingBit)
    USART_Cmd                                0x08002317   Thumb Code    24  stm32f10x_usart.o(i.USART_Cmd)
    USART_GetFlagStatus                      0x0800232f   Thumb Code    26  stm32f10x_usart.o(i.USART_GetFlagStatus)
    USART_GetITStatus                        0x08002349   Thumb Code    84  stm32f10x_usart.o(i.USART_GetITStatus)
    USART_ITConfig                           0x0800239d   Thumb Code    74  stm32f10x_usart.o(i.USART_ITConfig)
    USART_Init                               0x080023e9   Thumb Code   210  stm32f10x_usart.o(i.USART_Init)
    USART_ReceiveData                        0x080024c1   Thumb Code    10  stm32f10x_usart.o(i.USART_ReceiveData)
    USART_SendData                           0x080024cb   Thumb Code     8  stm32f10x_usart.o(i.USART_SendData)
    UsageFault_Handler                       0x080024d3   Thumb Code     4  stm32f10x_it.o(i.UsageFault_Handler)
    main                                     0x0800255d   Thumb Code    22  main.o(i.main)
    __aeabi_fadd                             0x080025d9   Thumb Code     0  faddsub_clz.o(x$fpl$fadd)
    _fadd                                    0x080025d9   Thumb Code   196  faddsub_clz.o(x$fpl$fadd)
    __aeabi_fdiv                             0x0800269d   Thumb Code     0  fdiv.o(x$fpl$fdiv)
    _fdiv                                    0x0800269d   Thumb Code   384  fdiv.o(x$fpl$fdiv)
    __aeabi_f2uiz                            0x08002821   Thumb Code     0  ffixu.o(x$fpl$ffixu)
    _ffixu                                   0x08002821   Thumb Code    62  ffixu.o(x$fpl$ffixu)
    __aeabi_ui2f                             0x08002861   Thumb Code     0  fflt_clz.o(x$fpl$ffltu)
    _ffltu                                   0x08002861   Thumb Code    38  fflt_clz.o(x$fpl$ffltu)
    __aeabi_fmul                             0x08002889   Thumb Code     0  fmul.o(x$fpl$fmul)
    _fmul                                    0x08002889   Thumb Code   258  fmul.o(x$fpl$fmul)
    __fpl_fnaninf                            0x0800298b   Thumb Code   140  fnaninf.o(x$fpl$fnaninf)
    __fpl_fretinf                            0x08002a17   Thumb Code    10  fretinf.o(x$fpl$fretinf)
    __aeabi_fsub                             0x08002a21   Thumb Code     0  faddsub_clz.o(x$fpl$fsub)
    _fsub                                    0x08002a21   Thumb Code   234  faddsub_clz.o(x$fpl$fsub)
    OLED_F8x16                               0x08002b0a   Data        1520  oled.o(.constdata)
    __I$use$fp                               0x08002b0a   Number         0  usenofp.o(x$fpl$usenofp)
    Region$$Table$$Base                      0x080030fc   Number         0  anon$$obj.o(Region$$Table)
    Region$$Table$$Limit                     0x0800311c   Number         0  anon$$obj.o(Region$$Table)
    Serial1_RxData                           0x20000015   Data           1  usart.o(.data)
    Serial1_RxFlag                           0x20000016   Data           1  usart.o(.data)
    Serial2_RxData                           0x20000017   Data           1  usart.o(.data)
    Serial2_RxFlag                           0x20000018   Data           1  usart.o(.data)
    Serial3_RxData                           0x20000019   Data           1  usart.o(.data)
    Serial3_RxFlag                           0x2000001a   Data           1  usart.o(.data)
    cmd                                      0x2000002c   Data           1  system.o(.data)
    cmd_from                                 0x2000002d   Data           1  system.o(.data)
    timer_counter                            0x20000030   Data           4  system.o(.data)
    systick_count                            0x20000040   Data           4  stm32f10x_it.o(.data)
    __libspace_start                         0x200000ac   Data          96  libspace.o(.bss)
    __temporary_stack_top$libspace           0x2000010c   Data           0  libspace.o(.bss)



==============================================================================

Memory Map of the image

  Image Entry point : 0x080000ed

  Load Region LR_IROM1 (Base: 0x08000000, Size: 0x00003160, Max: 0x00010000, ABSOLUTE)

    Execution Region ER_IROM1 (Exec base: 0x08000000, Load base: 0x08000000, Size: 0x0000311c, Max: 0x00010000, ABSOLUTE)

    Exec Addr    Load Addr    Size         Type   Attr      Idx    E Section Name        Object

    0x08000000   0x08000000   0x000000ec   Data   RO            3    RESET               startup_stm32f10x_md.o
    0x080000ec   0x080000ec   0x00000008   Code   RO         3944  * !!!main             c_w.l(__main.o)
    0x080000f4   0x080000f4   0x00000034   Code   RO         4128    !!!scatter          c_w.l(__scatter.o)
    0x08000128   0x08000128   0x0000001a   Code   RO         4130    !!handler_copy      c_w.l(__scatter_copy.o)
    0x08000142   0x08000142   0x00000002   PAD
    0x08000144   0x08000144   0x0000001c   Code   RO         4132    !!handler_zi        c_w.l(__scatter_zi.o)
    0x08000160   0x08000160   0x00000002   Code   RO         3998    .ARM.Collect$$libinit$$00000000  c_w.l(libinit.o)
    0x08000162   0x08000162   0x00000000   Code   RO         4005    .ARM.Collect$$libinit$$00000002  c_w.l(libinit2.o)
    0x08000162   0x08000162   0x00000000   Code   RO         4007    .ARM.Collect$$libinit$$00000004  c_w.l(libinit2.o)
    0x08000162   0x08000162   0x00000000   Code   RO         4010    .ARM.Collect$$libinit$$0000000A  c_w.l(libinit2.o)
    0x08000162   0x08000162   0x00000000   Code   RO         4012    .ARM.Collect$$libinit$$0000000C  c_w.l(libinit2.o)
    0x08000162   0x08000162   0x00000000   Code   RO         4014    .ARM.Collect$$libinit$$0000000E  c_w.l(libinit2.o)
    0x08000162   0x08000162   0x00000000   Code   RO         4017    .ARM.Collect$$libinit$$00000011  c_w.l(libinit2.o)
    0x08000162   0x08000162   0x00000000   Code   RO         4019    .ARM.Collect$$libinit$$00000013  c_w.l(libinit2.o)
    0x08000162   0x08000162   0x00000000   Code   RO         4021    .ARM.Collect$$libinit$$00000015  c_w.l(libinit2.o)
    0x08000162   0x08000162   0x00000000   Code   RO         4023    .ARM.Collect$$libinit$$00000017  c_w.l(libinit2.o)
    0x08000162   0x08000162   0x00000000   Code   RO         4025    .ARM.Collect$$libinit$$00000019  c_w.l(libinit2.o)
    0x08000162   0x08000162   0x00000000   Code   RO         4027    .ARM.Collect$$libinit$$0000001B  c_w.l(libinit2.o)
    0x08000162   0x08000162   0x00000000   Code   RO         4029    .ARM.Collect$$libinit$$0000001D  c_w.l(libinit2.o)
    0x08000162   0x08000162   0x00000000   Code   RO         4031    .ARM.Collect$$libinit$$0000001F  c_w.l(libinit2.o)
    0x08000162   0x08000162   0x00000000   Code   RO         4033    .ARM.Collect$$libinit$$00000021  c_w.l(libinit2.o)
    0x08000162   0x08000162   0x00000000   Code   RO         4035    .ARM.Collect$$libinit$$00000023  c_w.l(libinit2.o)
    0x08000162   0x08000162   0x00000000   Code   RO         4037    .ARM.Collect$$libinit$$00000025  c_w.l(libinit2.o)
    0x08000162   0x08000162   0x00000000   Code   RO         4041    .ARM.Collect$$libinit$$0000002C  c_w.l(libinit2.o)
    0x08000162   0x08000162   0x00000000   Code   RO         4043    .ARM.Collect$$libinit$$0000002E  c_w.l(libinit2.o)
    0x08000162   0x08000162   0x00000000   Code   RO         4045    .ARM.Collect$$libinit$$00000030  c_w.l(libinit2.o)
    0x08000162   0x08000162   0x00000000   Code   RO         4047    .ARM.Collect$$libinit$$00000032  c_w.l(libinit2.o)
    0x08000162   0x08000162   0x00000002   Code   RO         4048    .ARM.Collect$$libinit$$00000033  c_w.l(libinit2.o)
    0x08000164   0x08000164   0x00000002   Code   RO         4068    .ARM.Collect$$libshutdown$$00000000  c_w.l(libshutdown.o)
    0x08000166   0x08000166   0x00000000   Code   RO         4081    .ARM.Collect$$libshutdown$$00000002  c_w.l(libshutdown2.o)
    0x08000166   0x08000166   0x00000000   Code   RO         4083    .ARM.Collect$$libshutdown$$00000004  c_w.l(libshutdown2.o)
    0x08000166   0x08000166   0x00000000   Code   RO         4086    .ARM.Collect$$libshutdown$$00000007  c_w.l(libshutdown2.o)
    0x08000166   0x08000166   0x00000000   Code   RO         4089    .ARM.Collect$$libshutdown$$0000000A  c_w.l(libshutdown2.o)
    0x08000166   0x08000166   0x00000000   Code   RO         4091    .ARM.Collect$$libshutdown$$0000000C  c_w.l(libshutdown2.o)
    0x08000166   0x08000166   0x00000000   Code   RO         4094    .ARM.Collect$$libshutdown$$0000000F  c_w.l(libshutdown2.o)
    0x08000166   0x08000166   0x00000002   Code   RO         4095    .ARM.Collect$$libshutdown$$00000010  c_w.l(libshutdown2.o)
    0x08000168   0x08000168   0x00000000   Code   RO         3968    .ARM.Collect$$rtentry$$00000000  c_w.l(__rtentry.o)
    0x08000168   0x08000168   0x00000000   Code   RO         3975    .ARM.Collect$$rtentry$$00000002  c_w.l(__rtentry2.o)
    0x08000168   0x08000168   0x00000006   Code   RO         3987    .ARM.Collect$$rtentry$$00000004  c_w.l(__rtentry4.o)
    0x0800016e   0x0800016e   0x00000000   Code   RO         3977    .ARM.Collect$$rtentry$$00000009  c_w.l(__rtentry2.o)
    0x0800016e   0x0800016e   0x00000004   Code   RO         3978    .ARM.Collect$$rtentry$$0000000A  c_w.l(__rtentry2.o)
    0x08000172   0x08000172   0x00000000   Code   RO         3980    .ARM.Collect$$rtentry$$0000000C  c_w.l(__rtentry2.o)
    0x08000172   0x08000172   0x00000008   Code   RO         3981    .ARM.Collect$$rtentry$$0000000D  c_w.l(__rtentry2.o)
    0x0800017a   0x0800017a   0x00000002   Code   RO         4002    .ARM.Collect$$rtexit$$00000000  c_w.l(rtexit.o)
    0x0800017c   0x0800017c   0x00000000   Code   RO         4050    .ARM.Collect$$rtexit$$00000002  c_w.l(rtexit2.o)
    0x0800017c   0x0800017c   0x00000004   Code   RO         4051    .ARM.Collect$$rtexit$$00000003  c_w.l(rtexit2.o)
    0x08000180   0x08000180   0x00000006   Code   RO         4052    .ARM.Collect$$rtexit$$00000004  c_w.l(rtexit2.o)
    0x08000186   0x08000186   0x00000002   PAD
    0x08000188   0x08000188   0x00000040   Code   RO            4    .text               startup_stm32f10x_md.o
    0x080001c8   0x080001c8   0x00000006   Code   RO         3942    .text               c_w.l(heapauxi.o)
    0x080001ce   0x080001ce   0x0000004a   Code   RO         3989    .text               c_w.l(sys_stackheap_outer.o)
    0x08000218   0x08000218   0x00000012   Code   RO         3991    .text               c_w.l(exit.o)
    0x0800022a   0x0800022a   0x00000002   PAD
    0x0800022c   0x0800022c   0x00000008   Code   RO         3999    .text               c_w.l(libspace.o)
    0x08000234   0x08000234   0x0000000c   Code   RO         4060    .text               c_w.l(sys_exit.o)
    0x08000240   0x08000240   0x00000002   Code   RO         4071    .text               c_w.l(use_no_semi.o)
    0x08000242   0x08000242   0x00000000   Code   RO         4073    .text               c_w.l(indicate_semi.o)
    0x08000242   0x08000242   0x00000004   Code   RO         3874    i.BusFault_Handler  stm32f10x_it.o
    0x08000246   0x08000246   0x00000002   PAD
    0x08000248   0x08000248   0x00000038   Code   RO         3449    i.Buzzer_Init       pumpbuzzer.o
    0x08000280   0x08000280   0x00000014   Code   RO         3450    i.Buzzer_Off        pumpbuzzer.o
    0x08000294   0x08000294   0x00000014   Code   RO         3451    i.Buzzer_On         pumpbuzzer.o
    0x080002a8   0x080002a8   0x00000074   Code   RO         3328    i.DPWM1_Init        dpwm.o
    0x0800031c   0x0800031c   0x00000074   Code   RO         3329    i.DPWM2_Init        dpwm.o
    0x08000390   0x08000390   0x00000014   Code   RO         3330    i.DPWM2_SetCompare2  dpwm.o
    0x080003a4   0x080003a4   0x00000014   Code   RO         3331    i.DPWM_SetCompare1  dpwm.o
    0x080003b8   0x080003b8   0x00000002   Code   RO         3875    i.DebugMon_Handler  stm32f10x_it.o
    0x080003ba   0x080003ba   0x00000018   Code   RO         3196    i.Delay_ms          delay.o
    0x080003d2   0x080003d2   0x00000018   Code   RO         3197    i.Delay_s           delay.o
    0x080003ea   0x080003ea   0x0000002e   Code   RO         3198    i.Delay_us          delay.o
    0x08000418   0x08000418   0x0000002c   Code   RO         3767    i.GPIO15_Init       system.o
    0x08000444   0x08000444   0x00000116   Code   RO         1347    i.GPIO_Init         stm32f10x_gpio.o
    0x0800055a   0x0800055a   0x00000012   Code   RO         1353    i.GPIO_ReadOutputDataBit  stm32f10x_gpio.o
    0x0800056c   0x0800056c   0x00000004   Code   RO         1354    i.GPIO_ResetBits    stm32f10x_gpio.o
    0x08000570   0x08000570   0x00000004   Code   RO         1355    i.GPIO_SetBits      stm32f10x_gpio.o
    0x08000574   0x08000574   0x0000000a   Code   RO         1358    i.GPIO_WriteBit     stm32f10x_gpio.o
    0x0800057e   0x0800057e   0x0000002c   Code   RO         3654    i.GetCCER_EnableBit  stepmotor_new.o
    0x080005aa   0x080005aa   0x00000002   PAD
    0x080005ac   0x080005ac   0x0000000c   Code   RO         3768    i.GetTick           system.o
    0x080005b8   0x080005b8   0x00000004   Code   RO         3876    i.HardFault_Handler  stm32f10x_it.o
    0x080005bc   0x080005bc   0x00000050   Code   RO         3769    i.Hardware_Init     system.o
    0x0800060c   0x0800060c   0x00000004   Code   RO         3877    i.MemManage_Handler  stm32f10x_it.o
    0x08000610   0x08000610   0x00000002   Code   RO         3878    i.NMI_Handler       stm32f10x_it.o
    0x08000612   0x08000612   0x00000002   PAD
    0x08000614   0x08000614   0x00000070   Code   RO          137    i.NVIC_Init         misc.o
    0x08000684   0x08000684   0x00000014   Code   RO          138    i.NVIC_PriorityGroupConfig  misc.o
    0x08000698   0x08000698   0x0000002a   Code   RO         3220    i.OLED_Clear        oled.o
    0x080006c2   0x080006c2   0x00000002   PAD
    0x080006c4   0x080006c4   0x00000050   Code   RO         3221    i.OLED_I2C_Init     oled.o
    0x08000714   0x08000714   0x0000005c   Code   RO         3222    i.OLED_I2C_SendByte  oled.o
    0x08000770   0x08000770   0x00000034   Code   RO         3223    i.OLED_I2C_Start    oled.o
    0x080007a4   0x080007a4   0x00000028   Code   RO         3224    i.OLED_I2C_Stop     oled.o
    0x080007cc   0x080007cc   0x000000ae   Code   RO         3225    i.OLED_Init         oled.o
    0x0800087a   0x0800087a   0x00000022   Code   RO         3227    i.OLED_SetCursor    oled.o
    0x0800089c   0x0800089c   0x00000074   Code   RO         3229    i.OLED_ShowChar     oled.o
    0x08000910   0x08000910   0x00000028   Code   RO         3233    i.OLED_ShowString   oled.o
    0x08000938   0x08000938   0x00000020   Code   RO         3234    i.OLED_WriteCommand  oled.o
    0x08000958   0x08000958   0x00000020   Code   RO         3235    i.OLED_WriteData    oled.o
    0x08000978   0x08000978   0x00000002   Code   RO         3879    i.PendSV_Handler    stm32f10x_it.o
    0x0800097a   0x0800097a   0x00000002   PAD
    0x0800097c   0x0800097c   0x00000108   Code   RO         3770    i.ProcessCommand    system.o
    0x08000a84   0x08000a84   0x00000038   Code   RO         3452    i.Pump_Init         pumpbuzzer.o
    0x08000abc   0x08000abc   0x00000014   Code   RO         3453    i.Pump_Off          pumpbuzzer.o
    0x08000ad0   0x08000ad0   0x00000014   Code   RO         3454    i.Pump_On           pumpbuzzer.o
    0x08000ae4   0x08000ae4   0x00000020   Code   RO         1775    i.RCC_APB1PeriphClockCmd  stm32f10x_rcc.o
    0x08000b04   0x08000b04   0x00000020   Code   RO         1777    i.RCC_APB2PeriphClockCmd  stm32f10x_rcc.o
    0x08000b24   0x08000b24   0x000000d4   Code   RO         1785    i.RCC_GetClocksFreq  stm32f10x_rcc.o
    0x08000bf8   0x08000bf8   0x00000002   Code   RO         3880    i.SVC_Handler       stm32f10x_it.o
    0x08000bfa   0x08000bfa   0x00000002   PAD
    0x08000bfc   0x08000bfc   0x0000000c   Code   RO         3512    i.Serial1_GetRxData  usart.o
    0x08000c08   0x08000c08   0x0000001c   Code   RO         3513    i.Serial1_GetRxFlag  usart.o
    0x08000c24   0x08000c24   0x000000b0   Code   RO         3514    i.Serial1_Init      usart.o
    0x08000cd4   0x08000cd4   0x0000000c   Code   RO         3518    i.Serial2_GetRxData  usart.o
    0x08000ce0   0x08000ce0   0x0000001c   Code   RO         3519    i.Serial2_GetRxFlag  usart.o
    0x08000cfc   0x08000cfc   0x000000ac   Code   RO         3520    i.Serial2_Init      usart.o
    0x08000da8   0x08000da8   0x00000020   Code   RO         3522    i.Serial2_SendByte  usart.o
    0x08000dc8   0x08000dc8   0x000000b0   Code   RO         3526    i.Serial3_Init      usart.o
    0x08000e78   0x08000e78   0x0000000c   Code   RO         3366    i.Servo2_Init       servo.o
    0x08000e84   0x08000e84   0x0000003c   Code   RO         3367    i.Servo2_SetAngle   servo.o
    0x08000ec0   0x08000ec0   0x00000020   Code   RO         3368    i.ServoMotion_Init  servo.o
    0x08000ee0   0x08000ee0   0x0000000c   Code   RO         3369    i.Servo_Init        servo.o
    0x08000eec   0x08000eec   0x0000001c   Code   RO         3370    i.Servo_IsMoving    servo.o
    0x08000f08   0x08000f08   0x0000003c   Code   RO         3372    i.Servo_SetAngle    servo.o
    0x08000f44   0x08000f44   0x0000009c   Code   RO         3373    i.Servo_StartSmoothMotion  servo.o
    0x08000fe0   0x08000fe0   0x000000b4   Code   RO         3374    i.Servo_UpdateAllMotions  servo.o
    0x08001094   0x08001094   0x00000008   Code   RO           24    i.SetSysClock       system_stm32f10x.o
    0x0800109c   0x0800109c   0x000000e0   Code   RO           25    i.SetSysClockTo72   system_stm32f10x.o
    0x0800117c   0x0800117c   0x00000058   Code   RO         3655    i.StepMotor_APPROACH  stepmotor_new.o
    0x080011d4   0x080011d4   0x0000005c   Code   RO         3656    i.StepMotor_GoForward  stepmotor_new.o
    0x08001230   0x08001230   0x00000110   Code   RO         3657    i.StepMotor_Init    stepmotor_new.o
    0x08001340   0x08001340   0x00000020   Code   RO         3658    i.StepMotor_IsAnyRunning  stepmotor_new.o
    0x08001360   0x08001360   0x00000058   Code   RO         3659    i.StepMotor_MOVE_LEFT  stepmotor_new.o
    0x080013b8   0x080013b8   0x00000058   Code   RO         3660    i.StepMotor_MOVE_RIGHT  stepmotor_new.o
    0x08001410   0x08001410   0x00000058   Code   RO         3661    i.StepMotor_RETREAT  stepmotor_new.o
    0x08001468   0x08001468   0x00000058   Code   RO         3662    i.StepMotor_SetDirection  stepmotor_new.o
    0x080014c0   0x080014c0   0x0000004c   Code   RO         3663    i.StepMotor_SetFrequency  stepmotor_new.o
    0x0800150c   0x0800150c   0x00000088   Code   RO         3664    i.StepMotor_SetPulse  stepmotor_new.o
    0x08001594   0x08001594   0x00000060   Code   RO         3665    i.StepMotor_Stop    stepmotor_new.o
    0x080015f4   0x080015f4   0x00000016   Code   RO         3666    i.StepMotor_StopAll  stepmotor_new.o
    0x0800160a   0x0800160a   0x00000002   PAD
    0x0800160c   0x0800160c   0x00000058   Code   RO         3667    i.StepMotor_TurnRight  stepmotor_new.o
    0x08001664   0x08001664   0x00000054   Code   RO         3668    i.StepMotor_You     stepmotor_new.o
    0x080016b8   0x080016b8   0x00000058   Code   RO         3669    i.StepMotor_Zuo     stepmotor_new.o
    0x08001710   0x08001710   0x00000010   Code   RO         3881    i.SysTick_Handler   stm32f10x_it.o
    0x08001720   0x08001720   0x00000060   Code   RO           27    i.SystemInit        system_stm32f10x.o
    0x08001780   0x08001780   0x00000518   Code   RO         3771    i.System_StateMachine  system.o
    0x08001c98   0x08001c98   0x00000064   Code   RO         3772    i.TIM1_Init         system.o
    0x08001cfc   0x08001cfc   0x00000048   Code   RO         3773    i.TIM1_UP_IRQHandler  system.o
    0x08001d44   0x08001d44   0x00000108   Code   RO         3670    i.TIM3_IRQHandler   stepmotor_new.o
    0x08001e4c   0x08001e4c   0x0000004c   Code   RO         3332    i.TIM4_Init         dpwm.o
    0x08001e98   0x08001e98   0x00000018   Code   RO         2409    i.TIM_ARRPreloadConfig  stm32f10x_tim.o
    0x08001eb0   0x08001eb0   0x00000006   Code   RO         2415    i.TIM_ClearFlag     stm32f10x_tim.o
    0x08001eb6   0x08001eb6   0x00000006   Code   RO         2416    i.TIM_ClearITPendingBit  stm32f10x_tim.o
    0x08001ebc   0x08001ebc   0x00000018   Code   RO         2421    i.TIM_Cmd           stm32f10x_tim.o
    0x08001ed4   0x08001ed4   0x00000022   Code   RO         2442    i.TIM_GetITStatus   stm32f10x_tim.o
    0x08001ef6   0x08001ef6   0x00000012   Code   RO         2446    i.TIM_ITConfig      stm32f10x_tim.o
    0x08001f08   0x08001f08   0x00000098   Code   RO         2450    i.TIM_OC1Init       stm32f10x_tim.o
    0x08001fa0   0x08001fa0   0x00000012   Code   RO         2453    i.TIM_OC1PreloadConfig  stm32f10x_tim.o
    0x08001fb2   0x08001fb2   0x00000002   PAD
    0x08001fb4   0x08001fb4   0x000000a4   Code   RO         2455    i.TIM_OC2Init       stm32f10x_tim.o
    0x08002058   0x08002058   0x0000001a   Code   RO         2458    i.TIM_OC2PreloadConfig  stm32f10x_tim.o
    0x08002072   0x08002072   0x00000002   PAD
    0x08002074   0x08002074   0x000000a0   Code   RO         2460    i.TIM_OC3Init       stm32f10x_tim.o
    0x08002114   0x08002114   0x0000007c   Code   RO         2465    i.TIM_OC4Init       stm32f10x_tim.o
    0x08002190   0x08002190   0x00000014   Code   RO         2468    i.TIM_OCStructInit  stm32f10x_tim.o
    0x080021a4   0x080021a4   0x00000004   Code   RO         2482    i.TIM_SetCompare1   stm32f10x_tim.o
    0x080021a8   0x080021a8   0x00000004   Code   RO         2483    i.TIM_SetCompare2   stm32f10x_tim.o
    0x080021ac   0x080021ac   0x000000a4   Code   RO         2492    i.TIM_TimeBaseInit  stm32f10x_tim.o
    0x08002250   0x08002250   0x00000038   Code   RO         3530    i.USART1_IRQHandler  usart.o
    0x08002288   0x08002288   0x00000038   Code   RO         3531    i.USART2_IRQHandler  usart.o
    0x080022c0   0x080022c0   0x00000038   Code   RO         3532    i.USART3_IRQHandler  usart.o
    0x080022f8   0x080022f8   0x0000001e   Code   RO         2957    i.USART_ClearITPendingBit  stm32f10x_usart.o
    0x08002316   0x08002316   0x00000018   Code   RO         2960    i.USART_Cmd         stm32f10x_usart.o
    0x0800232e   0x0800232e   0x0000001a   Code   RO         2963    i.USART_GetFlagStatus  stm32f10x_usart.o
    0x08002348   0x08002348   0x00000054   Code   RO         2964    i.USART_GetITStatus  stm32f10x_usart.o
    0x0800239c   0x0800239c   0x0000004a   Code   RO         2966    i.USART_ITConfig    stm32f10x_usart.o
    0x080023e6   0x080023e6   0x00000002   PAD
    0x080023e8   0x080023e8   0x000000d8   Code   RO         2967    i.USART_Init        stm32f10x_usart.o
    0x080024c0   0x080024c0   0x0000000a   Code   RO         2974    i.USART_ReceiveData  stm32f10x_usart.o
    0x080024ca   0x080024ca   0x00000008   Code   RO         2977    i.USART_SendData    stm32f10x_usart.o
    0x080024d2   0x080024d2   0x00000004   Code   RO         3882    i.UsageFault_Handler  stm32f10x_it.o
    0x080024d6   0x080024d6   0x00000002   PAD
    0x080024d8   0x080024d8   0x00000084   Code   RO         3375    i.calculate_spline_coeff  servo.o
    0x0800255c   0x0800255c   0x00000024   Code   RO         3840    i.main              main.o
    0x08002580   0x08002580   0x00000058   Code   RO         3376    i.spline_interpolate  servo.o
    0x080025d8   0x080025d8   0x000000c4   Code   RO         3946    x$fpl$fadd          fz_ws.l(faddsub_clz.o)
    0x0800269c   0x0800269c   0x00000184   Code   RO         3953    x$fpl$fdiv          fz_ws.l(fdiv.o)
    0x08002820   0x08002820   0x0000003e   Code   RO         3956    x$fpl$ffixu         fz_ws.l(ffixu.o)
    0x0800285e   0x0800285e   0x00000002   PAD
    0x08002860   0x08002860   0x00000026   Code   RO         3960    x$fpl$ffltu         fz_ws.l(fflt_clz.o)
    0x08002886   0x08002886   0x00000002   PAD
    0x08002888   0x08002888   0x00000102   Code   RO         3966    x$fpl$fmul          fz_ws.l(fmul.o)
    0x0800298a   0x0800298a   0x0000008c   Code   RO         3969    x$fpl$fnaninf       fz_ws.l(fnaninf.o)
    0x08002a16   0x08002a16   0x0000000a   Code   RO         3971    x$fpl$fretinf       fz_ws.l(fretinf.o)
    0x08002a20   0x08002a20   0x000000ea   Code   RO         3948    x$fpl$fsub          fz_ws.l(faddsub_clz.o)
    0x08002b0a   0x08002b0a   0x00000000   Code   RO         3973    x$fpl$usenofp       fz_ws.l(usenofp.o)
    0x08002b0a   0x08002b0a   0x000005f0   Data   RO         3236    .constdata          oled.o
    0x080030fa   0x080030fa   0x00000002   PAD
    0x080030fc   0x080030fc   0x00000020   Data   RO         4126    Region$$Table       anon$$obj.o


    Execution Region RW_IRAM1 (Exec base: 0x20000000, Load base: 0x0800311c, Size: 0x00000710, Max: 0x00005000, ABSOLUTE)

    Exec Addr    Load Addr    Size         Type   Attr      Idx    E Section Name        Object

    0x20000000   0x0800311c   0x00000014   Data   RW         1805    .data               stm32f10x_rcc.o
    0x20000014   0x08003130   0x00000001   Data   RW         3333    .data               dpwm.o
    0x20000015   0x08003131   0x00000006   Data   RW         3533    .data               usart.o
    0x2000001b   0x08003137   0x00000001   PAD
    0x2000001c   0x08003138   0x0000000d   Data   RW         3672    .data               stepmotor_new.o
    0x20000029   0x08003145   0x00000003   PAD
    0x2000002c   0x08003148   0x00000014   Data   RW         3774    .data               system.o
    0x20000040   0x0800315c   0x00000004   Data   RW         3883    .data               stm32f10x_it.o
    0x20000044        -       0x00000048   Zero   RW         3377    .bss                servo.o
    0x2000008c        -       0x00000020   Zero   RW         3671    .bss                stepmotor_new.o
    0x200000ac        -       0x00000060   Zero   RW         4000    .bss                c_w.l(libspace.o)
    0x2000010c   0x08003160   0x00000004   PAD
    0x20000110        -       0x00000200   Zero   RW            2    HEAP                startup_stm32f10x_md.o
    0x20000310        -       0x00000400   Zero   RW            1    STACK               startup_stm32f10x_md.o


==============================================================================

Image component sizes


      Code (inc. data)   RO Data    RW Data    ZI Data      Debug   Object Name

         0          0          0          0          0       4508   core_cm3.o
        94          0          0          0          0       1324   delay.o
       348         38          0          1          0       2661   dpwm.o
        36         14          0          0          0        395   main.o
       132         22          0          0          0     204627   misc.o
       734         22       1520          0          0       6011   oled.o
       192         36          0          0          0       2560   pumpbuzzer.o
       760         56          0          0         72       6425   servo.o
        64         26        236          0       1536        796   startup_stm32f10x_md.o
      1734        168          0         13         32      10006   stepmotor_new.o
         0          0          0          0          0       1632   stm32f10x_adc.o
       314          0          0          0          0      12157   stm32f10x_gpio.o
        40          4          0          4          0       3994   stm32f10x_it.o
       276         32          0         20          0      12826   stm32f10x_rcc.o
       948         92          0          0          0      29506   stm32f10x_tim.o
       472          6          0          0          0      12227   stm32f10x_usart.o
      1876        358          0         20          0       5721   system.o
       328         28          0          0          0      45013   system_stm32f10x.o
       804         92          0          6          0       5792   usart.o

    ----------------------------------------------------------------------
      9174        994       1790         68       1640     368181   Object Totals
         0          0         32          0          0          0   (incl. Generated)
        22          0          2          4          0          0   (incl. Padding)

    ----------------------------------------------------------------------

      Code (inc. data)   RO Data    RW Data    ZI Data      Debug   Library Member Name

         8          0          0          0          0         68   __main.o
         0          0          0          0          0          0   __rtentry.o
        12          0          0          0          0          0   __rtentry2.o
         6          0          0          0          0          0   __rtentry4.o
        52          8          0          0          0          0   __scatter.o
        26          0          0          0          0          0   __scatter_copy.o
        28          0          0          0          0          0   __scatter_zi.o
        18          0          0          0          0         80   exit.o
         6          0          0          0          0        152   heapauxi.o
         0          0          0          0          0          0   indicate_semi.o
         2          0          0          0          0          0   libinit.o
         2          0          0          0          0          0   libinit2.o
         2          0          0          0          0          0   libshutdown.o
         2          0          0          0          0          0   libshutdown2.o
         8          4          0          0         96         68   libspace.o
         2          0          0          0          0          0   rtexit.o
        10          0          0          0          0          0   rtexit2.o
        12          4          0          0          0         68   sys_exit.o
        74          0          0          0          0         80   sys_stackheap_outer.o
         2          0          0          0          0         68   use_no_semi.o
       430          8          0          0          0        168   faddsub_clz.o
       388         76          0          0          0         96   fdiv.o
        62          4          0          0          0         84   ffixu.o
        38          0          0          0          0         68   fflt_clz.o
       258          4          0          0          0         84   fmul.o
       140          4          0          0          0         84   fnaninf.o
        10          0          0          0          0         68   fretinf.o
         0          0          0          0          0          0   usenofp.o

    ----------------------------------------------------------------------
      1608        112          0          0        100       1236   Library Totals
        10          0          0          0          4          0   (incl. Padding)

    ----------------------------------------------------------------------

      Code (inc. data)   RO Data    RW Data    ZI Data      Debug   Library Name

       272         16          0          0         96        584   c_w.l
      1326         96          0          0          0        652   fz_ws.l

    ----------------------------------------------------------------------
      1608        112          0          0        100       1236   Library Totals

    ----------------------------------------------------------------------

==============================================================================


      Code (inc. data)   RO Data    RW Data    ZI Data      Debug   

     10782       1106       1790         68       1740     363017   Grand Totals
     10782       1106       1790         68       1740     363017   ELF Image Totals
     10782       1106       1790         68          0          0   ROM Totals

==============================================================================

    Total RO  Size (Code + RO Data)                12572 (  12.28kB)
    Total RW  Size (RW Data + ZI Data)              1808 (   1.77kB)
    Total ROM Size (Code + RO Data + RW Data)      12640 (  12.34kB)

==============================================================================

